Archive member included to satisfy reference by file (symbol)

c:/nxp/mcuxpressoide_11.2.0_4120/ide/plugins/com.nxp.mcuxpresso.tools.win32_11.2.0.202001021529/tools/bin/../lib/gcc/arm-none-eabi/9.2.1/../../../../arm-none-eabi/lib/thumb/v6-m/nofp\libcr_nohost_nf.a(__ciob.o)
                              ./source/Command_handler.o (__Ciob)
c:/nxp/mcuxpressoide_11.2.0_4120/ide/plugins/com.nxp.mcuxpresso.tools.win32_11.2.0.202001021529/tools/bin/../lib/gcc/arm-none-eabi/9.2.1/../../../../arm-none-eabi/lib/thumb/v6-m/nofp\libcr_nohost_nf.a(_cr__main.o)
                              ./startup/startup_mkl25z4.o (__main)
c:/nxp/mcuxpressoide_11.2.0_4120/ide/plugins/com.nxp.mcuxpresso.tools.win32_11.2.0.202001021529/tools/bin/../lib/gcc/arm-none-eabi/9.2.1/../../../../arm-none-eabi/lib/thumb/v6-m/nofp\libcr_c.a(memcpy.o)
                              ./drivers/fsl_flash.o (memcpy)
c:/nxp/mcuxpressoide_11.2.0_4120/ide/plugins/com.nxp.mcuxpresso.tools.win32_11.2.0.202001021529/tools/bin/../lib/gcc/arm-none-eabi/9.2.1/../../../../arm-none-eabi/lib/thumb/v6-m/nofp\libcr_c.a(memset.o)
                              ./source/Command_handler.o (memset)
c:/nxp/mcuxpressoide_11.2.0_4120/ide/plugins/com.nxp.mcuxpresso.tools.win32_11.2.0.202001021529/tools/bin/../lib/gcc/arm-none-eabi/9.2.1/../../../../arm-none-eabi/lib/thumb/v6-m/nofp\libcr_c.a(_deferredlazyseek.o)
                              ./source/Command_handler.o (__flsbuf)
c:/nxp/mcuxpressoide_11.2.0_4120/ide/plugins/com.nxp.mcuxpresso.tools.win32_11.2.0.202001021529/tools/bin/../lib/gcc/arm-none-eabi/9.2.1/../../../../arm-none-eabi/lib/thumb/v6-m/nofp\libcr_c.a(_fflush.o)
                              c:/nxp/mcuxpressoide_11.2.0_4120/ide/plugins/com.nxp.mcuxpresso.tools.win32_11.2.0.202001021529/tools/bin/../lib/gcc/arm-none-eabi/9.2.1/../../../../arm-none-eabi/lib/thumb/v6-m/nofp\libcr_c.a(_deferredlazyseek.o) (_fflush)
c:/nxp/mcuxpressoide_11.2.0_4120/ide/plugins/com.nxp.mcuxpresso.tools.win32_11.2.0.202001021529/tools/bin/../lib/gcc/arm-none-eabi/9.2.1/../../../../arm-none-eabi/lib/thumb/v6-m/nofp\libcr_c.a(_writebuf.o)
                              c:/nxp/mcuxpressoide_11.2.0_4120/ide/plugins/com.nxp.mcuxpresso.tools.win32_11.2.0.202001021529/tools/bin/../lib/gcc/arm-none-eabi/9.2.1/../../../../arm-none-eabi/lib/thumb/v6-m/nofp\libcr_c.a(_deferredlazyseek.o) (_Cwritebuf)
c:/nxp/mcuxpressoide_11.2.0_4120/ide/plugins/com.nxp.mcuxpresso.tools.win32_11.2.0.202001021529/tools/bin/../lib/gcc/arm-none-eabi/9.2.1/../../../../arm-none-eabi/lib/thumb/v6-m/nofp\libcr_c.a(alloc.o)
                              c:/nxp/mcuxpressoide_11.2.0_4120/ide/plugins/com.nxp.mcuxpresso.tools.win32_11.2.0.202001021529/tools/bin/../lib/gcc/arm-none-eabi/9.2.1/../../../../arm-none-eabi/lib/thumb/v6-m/nofp\libcr_c.a(_deferredlazyseek.o) (_Csys_alloc)
c:/nxp/mcuxpressoide_11.2.0_4120/ide/plugins/com.nxp.mcuxpresso.tools.win32_11.2.0.202001021529/tools/bin/../lib/gcc/arm-none-eabi/9.2.1/../../../../arm-none-eabi/lib/thumb/v6-m/nofp\libcr_c.a(atan2.o)
                              ./source/accelerometer.o (atan2)
c:/nxp/mcuxpressoide_11.2.0_4120/ide/plugins/com.nxp.mcuxpresso.tools.win32_11.2.0.202001021529/tools/bin/../lib/gcc/arm-none-eabi/9.2.1/../../../../arm-none-eabi/lib/thumb/v6-m/nofp\libcr_c.a(errno.o)
                              c:/nxp/mcuxpressoide_11.2.0_4120/ide/plugins/com.nxp.mcuxpresso.tools.win32_11.2.0.202001021529/tools/bin/../lib/gcc/arm-none-eabi/9.2.1/../../../../arm-none-eabi/lib/thumb/v6-m/nofp\libcr_c.a(atan2.o) (errno)
c:/nxp/mcuxpressoide_11.2.0_4120/ide/plugins/com.nxp.mcuxpresso.tools.win32_11.2.0.202001021529/tools/bin/../lib/gcc/arm-none-eabi/9.2.1/../../../../arm-none-eabi/lib/thumb/v6-m/nofp\libcr_c.a(fabs.o)
                              c:/nxp/mcuxpressoide_11.2.0_4120/ide/plugins/com.nxp.mcuxpresso.tools.win32_11.2.0.202001021529/tools/bin/../lib/gcc/arm-none-eabi/9.2.1/../../../../arm-none-eabi/lib/thumb/v6-m/nofp\libcr_c.a(atan2.o) (fabs)
c:/nxp/mcuxpressoide_11.2.0_4120/ide/plugins/com.nxp.mcuxpresso.tools.win32_11.2.0.202001021529/tools/bin/../lib/gcc/arm-none-eabi/9.2.1/../../../../arm-none-eabi/lib/thumb/v6-m/nofp\libcr_c.a(fpprintf.o)
                              ./source/Command_handler.o (printf)
c:/nxp/mcuxpressoide_11.2.0_4120/ide/plugins/com.nxp.mcuxpresso.tools.win32_11.2.0.202001021529/tools/bin/../lib/gcc/arm-none-eabi/9.2.1/../../../../arm-none-eabi/lib/thumb/v6-m/nofp\libcr_c.a(fseek.o)
                              c:/nxp/mcuxpressoide_11.2.0_4120/ide/plugins/com.nxp.mcuxpresso.tools.win32_11.2.0.202001021529/tools/bin/../lib/gcc/arm-none-eabi/9.2.1/../../../../arm-none-eabi/lib/thumb/v6-m/nofp\libcr_c.a(_deferredlazyseek.o) (fseek)
c:/nxp/mcuxpressoide_11.2.0_4120/ide/plugins/com.nxp.mcuxpresso.tools.win32_11.2.0.202001021529/tools/bin/../lib/gcc/arm-none-eabi/9.2.1/../../../../arm-none-eabi/lib/thumb/v6-m/nofp\libcr_c.a(ftell.o)
[...]
Memory Configuration

Name             Origin             Length             Attributes
PROGRAM_FLASH    0x00000000         0x00020000         xr
SRAM             0x1ffff000         0x00004000         xrw
*default*        0x00000000         0xffffffff

Linker script and memory map

LOAD ./utilities/fsl_debug_console.o
LOAD ./startup/startup_mkl25z4.o
LOAD ./source/Command_handler.o
LOAD ./source/I2C.o
LOAD ./source/LED.o
LOAD ./source/accelerometer.o
LOAD ./source/cbfifo.o
LOAD ./source/main.o
LOAD ./source/mtb.o
LOAD ./source/semihost_hardfault.o
LOAD ./source/switch.o
LOAD ./source/sysclock.o
LOAD ./source/test_DAG.o
LOAD ./source/test_LED.o
LOAD ./source/test_accelerometer.o
LOAD ./source/test_cbfifo.o
LOAD ./source/test_interrupts.o
LOAD ./source/timer.o
LOAD ./source/touch_sensor.o
LOAD ./source/uart.o
LOAD ./source/user_io.o
LOAD ./drivers/fsl_clock.o
LOAD ./drivers/fsl_common.o
LOAD ./drivers/fsl_flash.o
LOAD ./drivers/fsl_gpio.o
LOAD ./drivers/fsl_lpsci.o
LOAD ./drivers/fsl_smc.o
LOAD ./drivers/fsl_uart.o
LOAD ./board/board.o
LOAD ./board/clock_config.o
LOAD ./board/peripherals.o
LOAD ./board/pin_mux.o
LOAD ./CMSIS/system_MKL25Z4.o
START GROUP
LOAD c:/nxp/mcuxpressoide_11.2.0_4120/ide/plugins/com.nxp.mcuxpresso.tools.win32_11.2.0.202001021529/tools/bin/../lib/gcc/arm-none-eabi/9.2.1/../../../../arm-none-eabi/lib/thumb/v6-m/nofp\libcr_nohost_nf.a
LOAD c:/nxp/mcuxpressoide_11.2.0_4120/ide/plugins/com.nxp.mcuxpresso.tools.win32_11.2.0.202001021529/tools/bin/../lib/gcc/arm-none-eabi/9.2.1/../../../../arm-none-eabi/lib/thumb/v6-m/nofp\libcr_c.a
LOAD c:/nxp/mcuxpressoide_11.2.0_4120/ide/plugins/com.nxp.mcuxpresso.tools.win32_11.2.0.202001021529/tools/bin/../lib/gcc/arm-none-eabi/9.2.1/thumb/v6-m/nofp\libcr_eabihelpers.a
LOAD c:/nxp/mcuxpressoide_11.2.0_4120/ide/plugins/com.nxp.mcuxpresso.tools.win32_11.2.0.202001021529/tools/bin/../lib/gcc/arm-none-eabi/9.2.1/thumb/v6-m/nofp\libgcc.a
END GROUP
                0x00000000                __base_PROGRAM_FLASH = 0x0
                0x00000000                __base_Flash = 0x0
                0x00020000                __top_PROGRAM_FLASH = 0x20000
                0x00020000                __top_Flash = 0x20000
                0x1ffff000                __base_SRAM = 0x1ffff000
                0x1ffff000                __base_RAM = 0x1ffff000
                0x20003000                __top_SRAM = 0x20003000
                0x20003000                __top_RAM = 0x20003000

.text           0x00000000    0x103d0
 FILL mask 0xff
                0x00000000                __vectors_start__ = ABSOLUTE (.)
 *(SORT_BY_ALIGNMENT(.isr_vector))
 .isr_vector    0x00000000       0xc0 ./startup/startup_mkl25z4.o
                0x00000000                g_pfnVectors
                0x00000000                __Vectors
                0x000000c0                . = ALIGN (0x4)
                0x000000c0                __section_table_start = .
                0x000000c0                __data_section_table = .
                0x000000c0        0x4 LONG 0x103d0 LOADADDR (.data)
                0x000000c4        0x4 LONG 0x1ffff080 ADDR (.data)
                0x000000c8        0x4 LONG 0x228 SIZEOF (.data)
                0x000000cc                __data_section_table_end = .
                0x000000cc                __bss_section_table = .
                0x000000cc        0x4 LONG 0x1ffff2a8 ADDR (.bss)
                0x000000d0        0x4 LONG 0x194 SIZEOF (.bss)
                0x000000d4                __bss_section_table_end = .
                0x000000d4                __section_table_end = .
 *(SORT_BY_ALIGNMENT(.after_vectors*))
 .after_vectors.reset
                0x000000d4       0x4c ./startup/startup_mkl25z4.o
                0x000000d4                ResetISR
 .after_vectors.init_data
                0x00000120       0x12 ./startup/startup_mkl25z4.o
                0x00000120                data_init
 .after_vectors.init_bss
                0x00000132       0x10 ./startup/startup_mkl25z4.o
                0x00000132                bss_init
 .after_vectors
                0x00000142      0x10c ./startup/startup_mkl25z4.o
                0x00000142                NMI_Handler
                0x00000146                SVC_Handler
                0x00000148                PendSV_Handler
                0x0000014c                SPI1_DriverIRQHandler
                0x0000014c                LPTMR0_DriverIRQHandler
                0x0000014c                DMA0_DriverIRQHandler
                0x0000014c                I2C0_DriverIRQHandler
                0x0000014c                Reserved39_DriverIRQHandler
                0x0000014c                PORTD_DriverIRQHandler
                0x0000014c                DMA2_DriverIRQHandler
                0x0000014c                CMP0_DriverIRQHandler
                0x0000014c                TPM2_DriverIRQHandler
                0x0000014c                ADC0_DriverIRQHandler
                0x0000014c                SPI0_DriverIRQHandler
                0x0000014c                TSI0_DriverIRQHandler
                0x0000014c                RTC_Seconds_DriverIRQHandler
                0x0000014c                LLWU_DriverIRQHandler
                0x0000014c                MCG_DriverIRQHandler
                0x0000014c                I2C1_DriverIRQHandler
                0x0000014c                TPM1_DriverIRQHandler
                0x0000014c                DMA1_DriverIRQHandler
                0x0000014c                FTFA_DriverIRQHandler
                0x0000014c                IntDefaultHandler
                0x0000014c                USB0_DriverIRQHandler
                0x0000014c                DAC0_DriverIRQHandler
                0x0000014c                LVD_LVW_DriverIRQHandler
                0x0000014c                TPM0_DriverIRQHandler
                0x0000014c                PIT_DriverIRQHandler
                0x0000014c                RTC_DriverIRQHandler
                0x0000014c                Reserved20_DriverIRQHandler
                0x0000014c                DMA3_DriverIRQHandler
                0x0000014c                Reserved45_DriverIRQHandler
                0x0000014c                PORTA_DriverIRQHandler
                0x0000014e                DMA0_IRQHandler
                0x00000156                DMA1_IRQHandler
                0x0000015e                DMA2_IRQHandler
                0x00000166                DMA3_IRQHandler
                0x0000016e                Reserved20_IRQHandler
                0x00000176                FTFA_IRQHandler
                0x0000017e                LVD_LVW_IRQHandler
                0x00000186                LLWU_IRQHandler
                0x0000018e                I2C0_IRQHandler
                0x00000196                I2C1_IRQHandler
                0x0000019e                SPI0_IRQHandler
                0x000001a6                SPI1_IRQHandler
                0x000001b6                UART1_IRQHandler
                0x000001be                UART2_IRQHandler
                0x000001c6                ADC0_IRQHandler
                0x000001ce                CMP0_IRQHandler
                0x000001d6                TPM0_IRQHandler
                0x000001de                TPM1_IRQHandler
                0x000001e6                TPM2_IRQHandler
                0x000001ee                RTC_IRQHandler
                0x000001f6                RTC_Seconds_IRQHandler
                0x000001fe                PIT_IRQHandler
                0x00000206                Reserved39_IRQHandler
                0x0000020e                USB0_IRQHandler
                0x00000216                DAC0_IRQHandler
                0x00000226                MCG_IRQHandler
                0x0000022e                LPTMR0_IRQHandler
                0x00000236                Reserved45_IRQHandler
                0x0000023e                PORTA_IRQHandler
                0x00000400                . = 0x400
 *fill*         0x0000024e      0x1b2 ff
                0x00000400                PROVIDE (__FLASH_CONFIG_START__ = .)
 *(SORT_BY_ALIGNMENT(.FlashConfig))
 .FlashConfig   0x00000400       0x10 ./startup/startup_mkl25z4.o
                0x00000400                Flash_Config
                0x00000410                PROVIDE (__FLASH_CONFIG_END__ = .)
                0x00000001                ASSERT (! ((__FLASH_CONFIG_START__ == __FLASH_CONFIG_END__)), Linker Flash Config Support Enabled, but no .FlashConfig section provided within application)
 *(SORT_BY_ALIGNMENT(.text*))
 .text.DbgConsole_Init
                0x00000410       0xf4 ./utilities/fsl_debug_console.o
                0x00000410                DbgConsole_Init
 .text.DbgConsole_Printf
                0x00000504       0x44 ./utilities/fsl_debug_console.o
                0x00000504                DbgConsole_Printf
 .text.DbgConsole_Putchar
                0x00000548       0x34 ./utilities/fsl_debug_console.o
                0x00000548                DbgConsole_Putchar
 .text.DbgConsole_ConvertFloatRadixNumToString
                0x0000057c      0x28c ./utilities/fsl_debug_console.o
 .text.command_line_interface
                0x00000808      0x2b8 ./source/Command_handler.o
                0x00000808                command_line_interface
 .text.process_command
                0x00000ac0      0x170 ./source/Command_handler.o
 .text.handle_set
                0x00000c30      0x274 ./source/Command_handler.o
 .text.handle_info
                0x00000ea4       0xa0 ./source/Command_handler.o
 .text.handle_calibrate
                0x00000f44       0xb4 ./source/Command_handler.o
 .text.handle_author
                0x00000ff8       0x34 ./source/Command_handler.o
 .text.handle_help
                0x0000102c       0xcc ./source/Command_handler.o
 .text.init_i2c
                0x000010f8       0x84 ./source/I2C.o
                0x000010f8                init_i2c
 .text.i2c_wait
                0x0000117c       0x30 ./source/I2C.o
 .text.i2c_start
                0x000011ac       0x30 ./source/I2C.o
                0x000011ac                i2c_start
 .text.i2c_read_setup
                0x000011dc       0x68 ./source/I2C.o
                0x000011dc                i2c_read_setup
 .text.i2c_repeated_read
                0x00001244       0x78 ./source/I2C.o
                0x00001244                i2c_repeated_read
 .text.i2c_write_byte
                0x000012bc       0x80 ./source/I2C.o
                0x000012bc                i2c_write_byte
 .text.led_init
                0x0000133c      0x150 ./source/LED.o
                0x0000133c                led_init
 .text.led_con  0x0000148c       0x34 ./source/LED.o
                0x0000148c                led_con
 .text.read_roll
                0x000014c0      0x118 ./source/accelerometer.o
                0x000014c0                read_roll
 .text.clear_buffer
                0x000015d8       0x8c ./source/cbfifo.o
                0x000015d8                clear_buffer
 .text.cbfifo_isempty
                0x00001664       0x64 ./source/cbfifo.o
                0x00001664                cbfifo_isempty
 .text.cbfifo_enqueue
                0x000016c8      0x168 ./source/cbfifo.o
                0x000016c8                cbfifo_enqueue
 .text.cbfifo_dequeue
                0x00001830      0x154 ./source/cbfifo.o
                0x00001830                cbfifo_dequeue
 .text.cbfifo_length
                0x00001984       0x70 ./source/cbfifo.o
                0x00001984                cbfifo_length
 .text.HardFault_Handler
                0x000019f4       0x30 ./source/semihost_hardfault.o
                0x000019f4                HardFault_Handler
 .text.NVIC_EnableIRQ
                0x00001a24       0x2c ./source/switch.o
 .text.NVIC_SetPriority
                0x00001a50       0xdc ./source/switch.o
 .text.switch_init
                0x00001b2c       0x80 ./source/switch.o
                0x00001b2c                switch_init
 .text.PORTD_IRQHandler
                0x00001bac       0x38 ./source/switch.o
                0x00001bac                PORTD_IRQHandler
 .text.restart_switch
                0x00001be4       0x34 ./source/switch.o
                0x00001be4                restart_switch
 .text.gpio_button_pressed
                0x00001c18       0x3c ./source/switch.o
                0x00001c18                gpio_button_pressed
 .text.sysclock_init
                0x00001c54       0x78 ./source/sysclock.o
                0x00001c54                sysclock_init
 .text.test_DAG
                0x00001ccc       0xb0 ./source/test_DAG.o
                0x00001ccc                test_DAG
 .text.test_LED
                0x00001d7c      0x368 ./source/test_LED.o
                0x00001d7c                test_LED
 .text.test_acclerometer
                0x000020e4      0x428 ./source/test_accelerometer.o
                0x000020e4                test_acclerometer
 .text.test_cbfifo
                0x0000250c     0x246c ./source/test_cbfifo.o
                0x0000250c                test_cbfifo
 .text.test_interrupts
                0x00004978      0x24c ./source/test_interrupts.o
                0x00004978                test_interrupts
 .text.NVIC_SetPriority
                0x00004bc4       0xdc ./source/timer.o
 .text.init_systick
                0x00004ca0       0x54 ./source/timer.o
                0x00004ca0                init_systick
 .text.SysTick_Handler
                0x00004cf4       0x18 ./source/timer.o
                0x00004cf4                SysTick_Handler
 .text.reset_timer
                0x00004d0c       0x1c ./source/timer.o
                0x00004d0c                reset_timer
 .text.get_timer
                0x00004d28       0x1c ./source/timer.o
                0x00004d28                get_timer
 .text.delay    0x00004d44       0x30 ./source/timer.o
                0x00004d44                delay
 .text.NVIC_EnableIRQ
                0x00004d74       0x2c ./source/touch_sensor.o
 .text.NVIC_ClearPendingIRQ
                0x00004da0       0x30 ./source/touch_sensor.o
 .text.NVIC_SetPriority
                0x00004dd0       0xdc ./source/touch_sensor.o
 .text.Touch_Init
                0x00004eac       0x78 ./source/touch_sensor.o
                0x00004eac                Touch_Init
 .text.TSI0_IRQHandler
                0x00004f24       0x44 ./source/touch_sensor.o
                0x00004f24                TSI0_IRQHandler
 .text.Touch_Scan_LH
                0x00004f68       0x3c ./source/touch_sensor.o
                0x00004f68                Touch_Scan_LH
 .text.reset_touch
                0x00004fa4       0x34 ./source/touch_sensor.o
                0x00004fa4                reset_touch
 .text.NVIC_EnableIRQ
                0x00004fd8       0x2c ./source/uart.o
 .text.NVIC_ClearPendingIRQ
                0x00005004       0x30 ./source/uart.o
 .text.NVIC_SetPriority
                0x00005034       0xdc ./source/uart.o
 .text.Init_UART0
                0x00005110      0x138 ./source/uart.o
                0x00005110                Init_UART0
 .text.UART0_IRQHandler
                0x00005248       0xcc ./source/uart.o
                0x00005248                UART0_IRQHandler
 .text.__sys_write
                0x00005314       0x80 ./source/user_io.o
                0x00005314                __sys_write
 .text.CLOCK_SetEr32kClock
                0x00005394       0x34 ./drivers/fsl_clock.o
 .text.CLOCK_SetPllFllSelClock
                0x000053c8       0x38 ./drivers/fsl_clock.o
 .text.CLOCK_GetMcgExtClkFreq
                0x00005400       0x28 ./drivers/fsl_clock.o
 .text.CLOCK_GetFllExtRefClkFreq
                0x00005428       0xa8 ./drivers/fsl_clock.o
 .text.CLOCK_GetFllRefClkFreq
                0x000054d0       0x2c ./drivers/fsl_clock.o
 .text.CLOCK_GetOscRangeFromFreq
                0x000054fc       0x4c ./drivers/fsl_clock.o
 .text.CLOCK_GetPllFllSelClkFreq
                0x00005548       0x4c ./drivers/fsl_clock.o
                0x00005548                CLOCK_GetPllFllSelClkFreq
 .text.CLOCK_SetSimConfig
                0x00005594       0x38 ./drivers/fsl_clock.o
                0x00005594                CLOCK_SetSimConfig
 .text.CLOCK_GetFllFreq
                0x000055cc       0x84 ./drivers/fsl_clock.o
                0x000055cc                CLOCK_GetFllFreq
 .text.CLOCK_GetPll0Freq
                0x00005650       0x70 ./drivers/fsl_clock.o
                0x00005650                CLOCK_GetPll0Freq
 .text.CLOCK_SetInternalRefClkConfig
                0x000056c0      0x124 ./drivers/fsl_clock.o
                0x000056c0                CLOCK_SetInternalRefClkConfig
 .text.CLOCK_EnablePll0
                0x000057e4       0x94 ./drivers/fsl_clock.o
                0x000057e4                CLOCK_EnablePll0
 .text.CLOCK_InitOsc0
                0x00005878       0x94 ./drivers/fsl_clock.o
                0x00005878                CLOCK_InitOsc0
 .text.CLOCK_SetPbeMode
                0x0000590c       0xb0 ./drivers/fsl_clock.o
                0x0000590c                CLOCK_SetPbeMode
 .text.CLOCK_BootToPeeMode
                0x000059bc       0x70 ./drivers/fsl_clock.o
                0x000059bc                CLOCK_BootToPeeMode
 .text.__assertion_failed
                0x00005a2c       0x1c ./drivers/fsl_common.o
                0x00005a2c                __assertion_failed
 .text.CLOCK_EnableClock
                0x00005a48       0x34 ./drivers/fsl_lpsci.o
 .text.LPSCI_GetInstance
                0x00005a7c       0x48 ./drivers/fsl_lpsci.o
                0x00005a7c                LPSCI_GetInstance
 .text.LPSCI_Init
                0x00005ac4      0x258 ./drivers/fsl_lpsci.o
                0x00005ac4                LPSCI_Init
 .text.LPSCI_GetDefaultConfig
                0x00005d1c       0x44 ./drivers/fsl_lpsci.o
                0x00005d1c                LPSCI_GetDefaultConfig
 .text.LPSCI_ClearStatusFlags
                0x00005d60       0x94 ./drivers/fsl_lpsci.o
                0x00005d60                LPSCI_ClearStatusFlags
 .text.LPSCI_WriteBlocking
                0x00005df4       0x4c ./drivers/fsl_lpsci.o
                0x00005df4                LPSCI_WriteBlocking
 .text.LPSCI_ReadBlocking
                0x00005e40       0xc0 ./drivers/fsl_lpsci.o
                0x00005e40                LPSCI_ReadBlocking
 .text.UART0_DriverIRQHandler
                0x00005f00       0x24 ./drivers/fsl_lpsci.o
                0x00005f00                UART0_DriverIRQHandler
 .text.CLOCK_EnableClock
                0x00005f24       0x34 ./drivers/fsl_uart.o
 .text.UART_GetInstance
                0x00005f58       0x54 ./drivers/fsl_uart.o
                0x00005f58                UART_GetInstance
 .text.UART_Init
                0x00005fac      0x1e0 ./drivers/fsl_uart.o
                0x00005fac                UART_Init
 .text.UART_GetDefaultConfig
                0x0000618c       0x44 ./drivers/fsl_uart.o
                0x0000618c                UART_GetDefaultConfig
 .text.UART_ReadBlocking
                0x000061d0       0x98 ./drivers/fsl_uart.o
                0x000061d0                UART_ReadBlocking
 .text.UART1_DriverIRQHandler
                0x00006268       0x24 ./drivers/fsl_uart.o
                0x00006268                UART1_DriverIRQHandler
 .text.UART2_DriverIRQHandler
                0x0000628c       0x24 ./drivers/fsl_uart.o
                0x0000628c                UART2_DriverIRQHandler
 .text.CLOCK_SetLpsci0Clock
                0x000062b0       0x38 ./board/board.o
 .text.BOARD_InitDebugConsole
                0x000062e8       0x30 ./board/board.o
                0x000062e8                BOARD_InitDebugConsole
 .text.CLOCK_SetSimSafeDivs
                0x00006318       0x20 ./board/clock_config.o
 .text.CLOCK_SetXtal0Freq
                0x00006338       0x1c ./board/clock_config.o
 .text.CLOCK_CONFIG_SetFllExtRefDiv
                0x00006354       0x3c ./board/clock_config.o
 .text.BOARD_BootClockRUN
                0x00006390       0x64 ./board/clock_config.o
                0x00006390                BOARD_BootClockRUN
 .text.CLOCK_EnableClock
                0x000063f4       0x34 ./board/pin_mux.o
 .text.PORT_SetPinMux
                0x00006428       0x40 ./board/pin_mux.o
 .text.BOARD_InitPins
                0x00006468       0x4c ./board/pin_mux.o
                0x00006468                BOARD_InitPins
 .text.SystemInit
                0x000064b4       0x18 ./CMSIS/system_MKL25Z4.o
                0x000064b4                SystemInit
 .text._deferredlazyseek
                0x000064cc       0x40 c:/nxp/mcuxpressoide_11.2.0_4120/ide/plugins/com.nxp.mcuxpresso.tools.win32_11.2.0.202001021529/tools/bin/../lib/gcc/arm-none-eabi/9.2.1/../../../../arm-none-eabi/lib/thumb/v6-m/nofp\libcr_c.a(_deferredlazyseek.o)
                0x000064cc                _deferredlazyseek
 .text.__flsbuf
                0x0000650c      0x150 c:/nxp/mcuxpressoide_11.2.0_4120/ide/plugins/com.nxp.mcuxpresso.tools.win32_11.2.0.202001021529/tools/bin/../lib/gcc/arm-none-eabi/9.2.1/../../../../arm-none-eabi/lib/thumb/v6-m/nofp\libcr_c.a(_deferredlazyseek.o)
                0x0000650c                __flsbuf
 .text._fflush  0x0000665c       0x60 c:/nxp/mcuxpressoide_11.2.0_4120/ide/plugins/com.nxp.mcuxpresso.tools.win32_11.2.0.202001021529/tools/bin/../lib/gcc/arm-none-eabi/9.2.1/../../../../arm-none-eabi/lib/thumb/v6-m/nofp\libcr_c.a(_fflush.o)
                0x0000665c                _fflush
 .text._Cwritebuf
                0x000066bc       0x68 c:/nxp/mcuxpressoide_11.2.0_4120/ide/plugins/com.nxp.mcuxpresso.tools.win32_11.2.0.202001021529/tools/bin/../lib/gcc/arm-none-eabi/9.2.1/../../../../arm-none-eabi/lib/thumb/v6-m/nofp\libcr_c.a(_writebuf.o)
                0x000066bc                _Cwritebuf
 .text.malloc   0x00006724       0xd0 c:/nxp/mcuxpressoide_11.2.0_4120/ide/plugins/com.nxp.mcuxpresso.tools.win32_11.2.0.202001021529/tools/bin/../lib/gcc/arm-none-eabi/9.2.1/../../../../arm-none-eabi/lib/thumb/v6-m/nofp\libcr_c.a(alloc.o)
                0x00006724                malloc
 .text._Csys_alloc
                0x000067f4       0x20 c:/nxp/mcuxpressoide_11.2.0_4120/ide/plugins/com.nxp.mcuxpresso.tools.win32_11.2.0.202001021529/tools/bin/../lib/gcc/arm-none-eabi/9.2.1/../../../../arm-none-eabi/lib/thumb/v6-m/nofp\libcr_c.a(alloc.o)
                0x000067f4                _Csys_alloc
 .text.atan2    0x00006814      0x108 c:/nxp/mcuxpressoide_11.2.0_4120/ide/plugins/com.nxp.mcuxpresso.tools.win32_11.2.0.202001021529/tools/bin/../lib/gcc/arm-none-eabi/9.2.1/../../../../arm-none-eabi/lib/thumb/v6-m/nofp\libcr_c.a(atan2.o)
                0x00006814                atan2
 .text.sprintf  0x0000691c       0x6c c:/nxp/mcuxpressoide_11.2.0_4120/ide/plugins/com.nxp.mcuxpresso.tools.win32_11.2.0.202001021529/tools/bin/../lib/gcc/arm-none-eabi/9.2.1/../../../../arm-none-eabi/lib/thumb/v6-m/nofp\libcr_c.a(fpprintf.o)
                0x0000691c                sprintf
 .text.fp_display
                0x00006988      0x97c c:/nxp/mcuxpressoide_11.2.0_4120/ide/plugins/com.nxp.mcuxpresso.tools.win32_11.2.0.202001021529/tools/bin/../lib/gcc/arm-none-eabi/9.2.1/../../../../arm-none-eabi/lib/thumb/v6-m/nofp\libcr_c.a(fpprintf.o)
 .text.vsnprintf
                0x00007304       0x70 c:/nxp/mcuxpressoide_11.2.0_4120/ide/plugins/com.nxp.mcuxpresso.tools.win32_11.2.0.202001021529/tools/bin/../lib/gcc/arm-none-eabi/9.2.1/../../../../arm-none-eabi/lib/thumb/v6-m/nofp\libcr_c.a(fpprintf.o)
                0x00007304                vsnprintf
 .text.printf   0x00007374       0x50 c:/nxp/mcuxpressoide_11.2.0_4120/ide/plugins/com.nxp.mcuxpresso.tools.win32_11.2.0.202001021529/tools/bin/../lib/gcc/arm-none-eabi/9.2.1/../../../../arm-none-eabi/lib/thumb/v6-m/nofp\libcr_c.a(fpprintf.o)
                0x00007374                printf
 .text.fseek    0x000073c4       0xf4 c:/nxp/mcuxpressoide_11.2.0_4120/ide/plugins/com.nxp.mcuxpresso.tools.win32_11.2.0.202001021529/tools/bin/../lib/gcc/arm-none-eabi/9.2.1/../../../../arm-none-eabi/lib/thumb/v6-m/nofp\libcr_c.a(fseek.o)
                0x000073c4                fseek
 .text.ftell    0x000074b8       0x48 c:/nxp/mcuxpressoide_11.2.0_4120/ide/plugins/com.nxp.mcuxpresso.tools.win32_11.2.0.202001021529/tools/bin/../lib/gcc/arm-none-eabi/9.2.1/../../../../arm-none-eabi/lib/thumb/v6-m/nofp\libcr_c.a(ftell.o)
                0x000074b8                ftell
 .text._initio  0x00007500       0x7c c:/nxp/mcuxpressoide_11.2.0_4120/ide/plugins/com.nxp.mcuxpresso.tools.win32_11.2.0.202001021529/tools/bin/../lib/gcc/arm-none-eabi/9.2.1/../../../../arm-none-eabi/lib/thumb/v6-m/nofp\libcr_c.a(initio.o)
                0x00007500                _initio
 .text._terminateio
                0x0000757c       0x50 c:/nxp/mcuxpressoide_11.2.0_4120/ide/plugins/com.nxp.mcuxpresso.tools.win32_11.2.0.202001021529/tools/bin/../lib/gcc/arm-none-eabi/9.2.1/../../../../arm-none-eabi/lib/thumb/v6-m/nofp\libcr_c.a(initio.o)
                0x0000757c                _terminateio
 .text.modf     0x000075cc       0x9c c:/nxp/mcuxpressoide_11.2.0_4120/ide/plugins/com.nxp.mcuxpresso.tools.win32_11.2.0.202001021529/tools/bin/../lib/gcc/arm-none-eabi/9.2.1/../../../../arm-none-eabi/lib/thumb/v6-m/nofp\libcr_c.a(modf.o)
                0x000075cc                modf
 .text.pow      0x00007668      0x548 c:/nxp/mcuxpressoide_11.2.0_4120/ide/plugins/com.nxp.mcuxpresso.tools.win32_11.2.0.202001021529/tools/bin/../lib/gcc/arm-none-eabi/9.2.1/../../../../arm-none-eabi/lib/thumb/v6-m/nofp\libcr_c.a(pow.o)
                0x00007668                pow
 .text.__vfprintf
                0x00007bb0      0xd40 c:/nxp/mcuxpressoide_11.2.0_4120/ide/plugins/com.nxp.mcuxpresso.tools.win32_11.2.0.202001021529/tools/bin/../lib/gcc/arm-none-eabi/9.2.1/../../../../arm-none-eabi/lib/thumb/v6-m/nofp\libcr_c.a(printf.o)
                0x00007bb0                __vfprintf
 .text.ch_val   0x000088f0       0x30 c:/nxp/mcuxpressoide_11.2.0_4120/ide/plugins/com.nxp.mcuxpresso.tools.win32_11.2.0.202001021529/tools/bin/../lib/gcc/arm-none-eabi/9.2.1/../../../../arm-none-eabi/lib/thumb/v6-m/nofp\libcr_c.a(scanf.o)
 .text.cr_rd_int
                0x00008920      0x1c0 c:/nxp/mcuxpressoide_11.2.0_4120/ide/plugins/com.nxp.mcuxpresso.tools.win32_11.2.0.202001021529/tools/bin/../lib/gcc/arm-none-eabi/9.2.1/../../../../arm-none-eabi/lib/thumb/v6-m/nofp\libcr_c.a(scanf.o)
 .text.vfscanf  0x00008ae0      0x998 c:/nxp/mcuxpressoide_11.2.0_4120/ide/plugins/com.nxp.mcuxpresso.tools.win32_11.2.0.202001021529/tools/bin/../lib/gcc/arm-none-eabi/9.2.1/../../../../arm-none-eabi/lib/thumb/v6-m/nofp\libcr_c.a(scanf.o)
                0x00008ae0                vfscanf
 .text.setvbuf  0x00009478       0x4c c:/nxp/mcuxpressoide_11.2.0_4120/ide/plugins/com.nxp.mcuxpresso.tools.win32_11.2.0.202001021529/tools/bin/../lib/gcc/arm-none-eabi/9.2.1/../../../../arm-none-eabi/lib/thumb/v6-m/nofp\libcr_c.a(setvbuf.o)
                0x00009478                setvbuf
 .text.exit     0x000094c4       0x2c c:/nxp/mcuxpressoide_11.2.0_4120/ide/plugins/com.nxp.mcuxpresso.tools.win32_11.2.0.202001021529/tools/bin/../lib/gcc/arm-none-eabi/9.2.1/../../../../arm-none-eabi/lib/thumb/v6-m/nofp\libcr_c.a(stdlib.o)
                0x000094c4                exit
 .text.strlen   0x000094f0       0x58 c:/nxp/mcuxpressoide_11.2.0_4120/ide/plugins/com.nxp.mcuxpresso.tools.win32_11.2.0.202001021529/tools/bin/../lib/gcc/arm-none-eabi/9.2.1/../../../../arm-none-eabi/lib/thumb/v6-m/nofp\libcr_c.a(strlen.o)
                0x000094f0                strlen
 .text.strncmp  0x00009548       0x50 c:/nxp/mcuxpressoide_11.2.0_4120/ide/plugins/com.nxp.mcuxpresso.tools.win32_11.2.0.202001021529/tools/bin/../lib/gcc/arm-none-eabi/9.2.1/../../../../arm-none-eabi/lib/thumb/v6-m/nofp\libcr_c.a(strncmp.o)
                0x00009548                strncmp
 .text.ungetc   0x00009598       0x3c c:/nxp/mcuxpressoide_11.2.0_4120/ide/plugins/com.nxp.mcuxpresso.tools.win32_11.2.0.202001021529/tools/bin/../lib/gcc/arm-none-eabi/9.2.1/../../../../arm-none-eabi/lib/thumb/v6-m/nofp\libcr_c.a(ungetc.o)
                0x00009598                ungetc
 .text.__filbuf
                0x000095d4      0x188 c:/nxp/mcuxpressoide_11.2.0_4120/ide/plugins/com.nxp.mcuxpresso.tools.win32_11.2.0.202001021529/tools/bin/../lib/gcc/arm-none-eabi/9.2.1/../../../../arm-none-eabi/lib/thumb/v6-m/nofp\libcr_c.a(__fillbuf.o)
                0x000095d4                __filbuf
 .text._sbrk    0x0000975c       0x44 c:/nxp/mcuxpressoide_11.2.0_4120/ide/plugins/com.nxp.mcuxpresso.tools.win32_11.2.0.202001021529/tools/bin/../lib/gcc/arm-none-eabi/9.2.1/../../../../arm-none-eabi/lib/thumb/v6-m/nofp\libcr_c.a(_cr_sbrk.o)
                0x0000975c                _sbrk
 .text._fdopen  0x000097a0       0x74 c:/nxp/mcuxpressoide_11.2.0_4120/ide/plugins/com.nxp.mcuxpresso.tools.win32_11.2.0.202001021529/tools/bin/../lib/gcc/arm-none-eabi/9.2.1/../../../../arm-none-eabi/lib/thumb/v6-m/nofp\libcr_c.a(_fdopen.o)
                0x000097a0                _fdopen
 .text._frexpl  0x00009814       0x80 c:/nxp/mcuxpressoide_11.2.0_4120/ide/plugins/com.nxp.mcuxpresso.tools.win32_11.2.0.202001021529/tools/bin/../lib/gcc/arm-none-eabi/9.2.1/../../../../arm-none-eabi/lib/thumb/v6-m/nofp\libcr_c.a(_frexpl.o)
                0x00009814                _frexpl
 .text._ldexpl  0x00009894       0x58 c:/nxp/mcuxpressoide_11.2.0_4120/ide/plugins/com.nxp.mcuxpresso.tools.win32_11.2.0.202001021529/tools/bin/../lib/gcc/arm-none-eabi/9.2.1/../../../../arm-none-eabi/lib/thumb/v6-m/nofp\libcr_c.a(_ldexpl.o)
                0x00009894                _ldexpl
 .text.atan     0x000098ec      0x204 c:/nxp/mcuxpressoide_11.2.0_4120/ide/plugins/com.nxp.mcuxpresso.tools.win32_11.2.0.202001021529/tools/bin/../lib/gcc/arm-none-eabi/9.2.1/../../../../arm-none-eabi/lib/thumb/v6-m/nofp\libcr_c.a(atan.o)
                0x000098ec                atan
 .text.tolower  0x00009af0       0x14 c:/nxp/mcuxpressoide_11.2.0_4120/ide/plugins/com.nxp.mcuxpresso.tools.win32_11.2.0.202001021529/tools/bin/../lib/gcc/arm-none-eabi/9.2.1/../../../../arm-none-eabi/lib/thumb/v6-m/nofp\libcr_c.a(ctype.o)
                0x00009af0                tolower
 .text.fclose   0x00009b04       0x5c c:/nxp/mcuxpressoide_11.2.0_4120/ide/plugins/com.nxp.mcuxpresso.tools.win32_11.2.0.202001021529/tools/bin/../lib/gcc/arm-none-eabi/9.2.1/../../../../arm-none-eabi/lib/thumb/v6-m/nofp\libcr_c.a(fclose.o)
                0x00009b04                fclose
 .text.fflush   0x00009b60       0x44 c:/nxp/mcuxpressoide_11.2.0_4120/ide/plugins/com.nxp.mcuxpresso.tools.win32_11.2.0.202001021529/tools/bin/../lib/gcc/arm-none-eabi/9.2.1/../../../../arm-none-eabi/lib/thumb/v6-m/nofp\libcr_c.a(fflush.o)
                0x00009b60                fflush
 .text.frexp    0x00009ba4       0x80 c:/nxp/mcuxpressoide_11.2.0_4120/ide/plugins/com.nxp.mcuxpresso.tools.win32_11.2.0.202001021529/tools/bin/../lib/gcc/arm-none-eabi/9.2.1/../../../../arm-none-eabi/lib/thumb/v6-m/nofp\libcr_c.a(frexp.o)
                0x00009ba4                frexp
 .text.ldexp    0x00009c24       0x58 c:/nxp/mcuxpressoide_11.2.0_4120/ide/plugins/com.nxp.mcuxpresso.tools.win32_11.2.0.202001021529/tools/bin/../lib/gcc/arm-none-eabi/9.2.1/../../../../arm-none-eabi/lib/thumb/v6-m/nofp\libcr_c.a(ldexp.o)
                0x00009c24                ldexp
 .text.__check_heap_overflow
                0x00009c7c       0x14 c:/nxp/mcuxpressoide_11.2.0_4120/ide/plugins/com.nxp.mcuxpresso.tools.win32_11.2.0.202001021529/tools/bin/../lib/gcc/arm-none-eabi/9.2.1/../../../../arm-none-eabi/lib/thumb/v6-m/nofp\libcr_c.a(_cr_check_heap.o)
                0x00009c7c                __check_heap_overflow
 .text._do_fflush
                0x00009c90       0x48 c:/nxp/mcuxpressoide_11.2.0_4120/ide/plugins/com.nxp.mcuxpresso.tools.win32_11.2.0.202001021529/tools/bin/../lib/gcc/arm-none-eabi/9.2.1/../../../../arm-none-eabi/lib/thumb/v6-m/nofp\libcr_c.a(_do_fflush.o)
                0x00009c90                _do_fflush
 .text.__aeabi_dmul
                0x00009cd8      0x184 c:/nxp/mcuxpressoide_11.2.0_4120/ide/plugins/com.nxp.mcuxpresso.tools.win32_11.2.0.202001021529/tools/bin/../lib/gcc/arm-none-eabi/9.2.1/thumb/v6-m/nofp\libcr_eabihelpers.a(double.o)
                0x00009cd8                __aeabi_dmul
 .text.__aeabi_ddiv
                0x00009e5c      0x150 c:/nxp/mcuxpressoide_11.2.0_4120/ide/plugins/com.nxp.mcuxpresso.tools.win32_11.2.0.202001021529/tools/bin/../lib/gcc/arm-none-eabi/9.2.1/thumb/v6-m/nofp\libcr_eabihelpers.a(double.o)
                0x00009e5c                __aeabi_ddiv
 .text.__aeabi_dsub
                0x00009fac      0x1e4 c:/nxp/mcuxpressoide_11.2.0_4120/ide/plugins/com.nxp.mcuxpresso.tools.win32_11.2.0.202001021529/tools/bin/../lib/gcc/arm-none-eabi/9.2.1/thumb/v6-m/nofp\libcr_eabihelpers.a(double.o)
                0x00009fac                __aeabi_dsub
 .text.__aeabi_dadd
                0x0000a190      0x134 c:/nxp/mcuxpressoide_11.2.0_4120/ide/plugins/com.nxp.mcuxpresso.tools.win32_11.2.0.202001021529/tools/bin/../lib/gcc/arm-none-eabi/9.2.1/thumb/v6-m/nofp\libcr_eabihelpers.a(double.o)
                0x0000a190                __aeabi_dadd
 .text.__aeabi_d2f
                0x0000a2c4       0x60 c:/nxp/mcuxpressoide_11.2.0_4120/ide/plugins/com.nxp.mcuxpresso.tools.win32_11.2.0.202001021529/tools/bin/../lib/gcc/arm-none-eabi/9.2.1/thumb/v6-m/nofp\libcr_eabihelpers.a(double.o)
                0x0000a2c4                __aeabi_d2f
 .text.__aeabi_d2iz
                0x0000a324       0x50 c:/nxp/mcuxpressoide_11.2.0_4120/ide/plugins/com.nxp.mcuxpresso.tools.win32_11.2.0.202001021529/tools/bin/../lib/gcc/arm-none-eabi/9.2.1/thumb/v6-m/nofp\libcr_eabihelpers.a(double.o)
                0x0000a324                __aeabi_d2iz
 .text.__aeabi_d2lz
                0x0000a374       0x80 c:/nxp/mcuxpressoide_11.2.0_4120/ide/plugins/com.nxp.mcuxpresso.tools.win32_11.2.0.202001021529/tools/bin/../lib/gcc/arm-none-eabi/9.2.1/thumb/v6-m/nofp\libcr_eabihelpers.a(double.o)
                0x0000a374                __aeabi_d2lz
 .text.__bhs_ul2d
                0x0000a3f4       0xac c:/nxp/mcuxpressoide_11.2.0_4120/ide/plugins/com.nxp.mcuxpresso.tools.win32_11.2.0.202001021529/tools/bin/../lib/gcc/arm-none-eabi/9.2.1/thumb/v6-m/nofp\libcr_eabihelpers.a(double.o)
                0x0000a3f4                __bhs_ul2d
 .text.__aeabi_dcmpeq
                0x0000a4a0       0x30 c:/nxp/mcuxpressoide_11.2.0_4120/ide/plugins/com.nxp.mcuxpresso.tools.win32_11.2.0.202001021529/tools/bin/../lib/gcc/arm-none-eabi/9.2.1/thumb/v6-m/nofp\libcr_eabihelpers.a(double.o)
                0x0000a4a0                __aeabi_dcmpeq
 .text.__aeabi_dcmplt
                0x0000a4d0       0x60 c:/nxp/mcuxpressoide_11.2.0_4120/ide/plugins/com.nxp.mcuxpresso.tools.win32_11.2.0.202001021529/tools/bin/../lib/gcc/arm-none-eabi/9.2.1/thumb/v6-m/nofp\libcr_eabihelpers.a(double.o)
                0x0000a4d0                __aeabi_dcmplt
 .text.__aeabi_dcmpgt
                0x0000a530       0x5c c:/nxp/mcuxpressoide_11.2.0_4120/ide/plugins/com.nxp.mcuxpresso.tools.win32_11.2.0.202001021529/tools/bin/../lib/gcc/arm-none-eabi/9.2.1/thumb/v6-m/nofp\libcr_eabihelpers.a(double.o)
                0x0000a530                __aeabi_dcmpgt
 .text.__aeabi_dcmple
                0x0000a58c       0x60 c:/nxp/mcuxpressoide_11.2.0_4120/ide/plugins/com.nxp.mcuxpresso.tools.win32_11.2.0.202001021529/tools/bin/../lib/gcc/arm-none-eabi/9.2.1/thumb/v6-m/nofp\libcr_eabihelpers.a(double.o)
                0x0000a58c                __aeabi_dcmple
 .text.__aeabi_dcmpge
                0x0000a5ec       0x64 c:/nxp/mcuxpressoide_11.2.0_4120/ide/plugins/com.nxp.mcuxpresso.tools.win32_11.2.0.202001021529/tools/bin/../lib/gcc/arm-none-eabi/9.2.1/thumb/v6-m/nofp\libcr_eabihelpers.a(double.o)
                0x0000a5ec                __aeabi_dcmpge
 .text.__aeabi_fmul
                0x0000a650       0xc0 c:/nxp/mcuxpressoide_11.2.0_4120/ide/plugins/com.nxp.mcuxpresso.tools.win32_11.2.0.202001021529/tools/bin/../lib/gcc/arm-none-eabi/9.2.1/thumb/v6-m/nofp\libcr_eabihelpers.a(float.o)
                0x0000a650                __aeabi_fmul
 .text.__aeabi_fdiv
                0x0000a710       0xe4 c:/nxp/mcuxpressoide_11.2.0_4120/ide/plugins/com.nxp.mcuxpresso.tools.win32_11.2.0.202001021529/tools/bin/../lib/gcc/arm-none-eabi/9.2.1/thumb/v6-m/nofp\libcr_eabihelpers.a(float.o)
                0x0000a710                __aeabi_fdiv
 .text.__aeabi_fsub
                0x0000a7f4      0x124 c:/nxp/mcuxpressoide_11.2.0_4120/ide/plugins/com.nxp.mcuxpresso.tools.win32_11.2.0.202001021529/tools/bin/../lib/gcc/arm-none-eabi/9.2.1/thumb/v6-m/nofp\libcr_eabihelpers.a(float.o)
                0x0000a7f4                __aeabi_fsub
 .text.__aeabi_fadd
                0x0000a918       0xac c:/nxp/mcuxpressoide_11.2.0_4120/ide/plugins/com.nxp.mcuxpresso.tools.win32_11.2.0.202001021529/tools/bin/../lib/gcc/arm-none-eabi/9.2.1/thumb/v6-m/nofp\libcr_eabihelpers.a(float.o)
                0x0000a918                __aeabi_fadd
 .text.__aeabi_f2iz
                0x0000a9c4       0x3c c:/nxp/mcuxpressoide_11.2.0_4120/ide/plugins/com.nxp.mcuxpresso.tools.win32_11.2.0.202001021529/tools/bin/../lib/gcc/arm-none-eabi/9.2.1/thumb/v6-m/nofp\libcr_eabihelpers.a(float.o)
                0x0000a9c4                __aeabi_f2iz
 .text.__aeabi_f2d
                0x0000aa00       0x40 c:/nxp/mcuxpressoide_11.2.0_4120/ide/plugins/com.nxp.mcuxpresso.tools.win32_11.2.0.202001021529/tools/bin/../lib/gcc/arm-none-eabi/9.2.1/thumb/v6-m/nofp\libcr_eabihelpers.a(float.o)
                0x0000aa00                __aeabi_f2d
 .text.UART_EnableTx
                0x0000aa40       0x40 ./utilities/fsl_debug_console.o
 .text.UART_EnableRx
                0x0000aa80       0x40 ./utilities/fsl_debug_console.o
 .text.LPSCI_EnableTx
                0x0000aac0       0x40 ./utilities/fsl_debug_console.o
 .text.LPSCI_EnableRx
                0x0000ab00       0x40 ./utilities/fsl_debug_console.o
 .text.DbgConsole_PrintfPaddingCharacter
                0x0000ab40       0x48 ./utilities/fsl_debug_console.o
 .text.DbgConsole_ConvertRadixNumToString
                0x0000ab88      0x114 ./utilities/fsl_debug_console.o
 .text.DbgConsole_PrintfFormattedData
                0x0000ac9c      0x378 ./utilities/fsl_debug_console.o
 .text.init_mma
                0x0000b014       0x16 ./source/accelerometer.o
                0x0000b014                init_mma
 .text.cbfifo_capacity
                0x0000b02a        0xe ./source/cbfifo.o
                0x0000b02a                cbfifo_capacity
 .text.main     0x0000b038       0x44 ./source/main.o
                0x0000b038                main
 .text.non_blocking_getchar
                0x0000b07c       0x28 ./source/user_io.o
                0x0000b07c                non_blocking_getchar
 .text.__sys_readc
                0x0000b0a4       0x36 ./source/user_io.o
                0x0000b0a4                __sys_readc
 .text.OSC_SetExtRefClkConfig
                0x0000b0da       0x3e ./drivers/fsl_clock.o
 .text.OSC_SetCapLoad
                0x0000b118       0x42 ./drivers/fsl_clock.o
 .text.CLOCK_GetPll0RefFreq
                0x0000b15a       0x10 ./drivers/fsl_clock.o
 .text.CLOCK_SetExternalRefClkConfig
                0x0000b16a       0x16 ./drivers/fsl_clock.o
                0x0000b16a                CLOCK_SetExternalRefClkConfig
 .text.LPSCI_GetStatusFlags
                0x0000b180       0x26 ./drivers/fsl_lpsci.o
                0x0000b180                LPSCI_GetStatusFlags
 .text.UART_GetStatusFlags
                0x0000b1a6       0x26 ./drivers/fsl_uart.o
                0x0000b1a6                UART_GetStatusFlags
 .text.UART_WriteBlocking
                0x0000b1cc       0x3c ./drivers/fsl_uart.o
                0x0000b1cc                UART_WriteBlocking
 .text.BOARD_InitBootClocks
                0x0000b208        0xe ./board/clock_config.o
                0x0000b208                BOARD_InitBootClocks
 .text.BOARD_InitBootPeripherals
                0x0000b216        0xa ./board/peripherals.o
                0x0000b216                BOARD_InitBootPeripherals
 .text.BOARD_InitBootPins
                0x0000b220        0xe ./board/pin_mux.o
                0x0000b220                BOARD_InitBootPins
 .text.__main   0x0000b22e        0xc c:/nxp/mcuxpressoide_11.2.0_4120/ide/plugins/com.nxp.mcuxpresso.tools.win32_11.2.0.202001021529/tools/bin/../lib/gcc/arm-none-eabi/9.2.1/../../../../arm-none-eabi/lib/thumb/v6-m/nofp\libcr_nohost_nf.a(_cr__main.o)
                0x0000b22e                __main
 .text.memset   0x0000b23a        0x8 c:/nxp/mcuxpressoide_11.2.0_4120/ide/plugins/com.nxp.mcuxpresso.tools.win32_11.2.0.202001021529/tools/bin/../lib/gcc/arm-none-eabi/9.2.1/../../../../arm-none-eabi/lib/thumb/v6-m/nofp\libcr_c.a(memset.o)
                0x0000b23a                memset
 .text.free     0x0000b242       0x2c c:/nxp/mcuxpressoide_11.2.0_4120/ide/plugins/com.nxp.mcuxpresso.tools.win32_11.2.0.202001021529/tools/bin/../lib/gcc/arm-none-eabi/9.2.1/../../../../arm-none-eabi/lib/thumb/v6-m/nofp\libcr_c.a(alloc.o)
                0x0000b242                free
 .text.fabs     0x0000b26e       0x22 c:/nxp/mcuxpressoide_11.2.0_4120/ide/plugins/com.nxp.mcuxpresso.tools.win32_11.2.0.202001021529/tools/bin/../lib/gcc/arm-none-eabi/9.2.1/../../../../arm-none-eabi/lib/thumb/v6-m/nofp\libcr_c.a(fabs.o)
                0x0000b26e                fabs
 .text.fp_round
                0x0000b290       0x4a c:/nxp/mcuxpressoide_11.2.0_4120/ide/plugins/com.nxp.mcuxpresso.tools.win32_11.2.0.202001021529/tools/bin/../lib/gcc/arm-none-eabi/9.2.1/../../../../arm-none-eabi/lib/thumb/v6-m/nofp\libcr_c.a(fpprintf.o)
 .text.pr_dec.constprop.0
                0x0000b2da       0x30 c:/nxp/mcuxpressoide_11.2.0_4120/ide/plugins/com.nxp.mcuxpresso.tools.win32_11.2.0.202001021529/tools/bin/../lib/gcc/arm-none-eabi/9.2.1/../../../../arm-none-eabi/lib/thumb/v6-m/nofp\libcr_c.a(fpprintf.o)
 .text.sscanf   0x0000b30a       0x3c c:/nxp/mcuxpressoide_11.2.0_4120/ide/plugins/com.nxp.mcuxpresso.tools.win32_11.2.0.202001021529/tools/bin/../lib/gcc/arm-none-eabi/9.2.1/../../../../arm-none-eabi/lib/thumb/v6-m/nofp\libcr_c.a(scanf.o)
                0x0000b30a                sscanf
 .text.strcasecmp
                0x0000b346       0x32 c:/nxp/mcuxpressoide_11.2.0_4120/ide/plugins/com.nxp.mcuxpresso.tools.win32_11.2.0.202001021529/tools/bin/../lib/gcc/arm-none-eabi/9.2.1/../../../../arm-none-eabi/lib/thumb/v6-m/nofp\libcr_c.a(strcasecmp.o)
                0x0000b346                strcasecmp
 .text._Csys_read_
                0x0000b378       0x24 c:/nxp/mcuxpressoide_11.2.0_4120/ide/plugins/com.nxp.mcuxpresso.tools.win32_11.2.0.202001021529/tools/bin/../lib/gcc/arm-none-eabi/9.2.1/../../../../arm-none-eabi/lib/thumb/v6-m/nofp\libcr_c.a(__fillbuf.o)
                0x0000b378                _Csys_read_
 .text.remove   0x0000b39c       0x12 c:/nxp/mcuxpressoide_11.2.0_4120/ide/plugins/com.nxp.mcuxpresso.tools.win32_11.2.0.202001021529/tools/bin/../lib/gcc/arm-none-eabi/9.2.1/../../../../arm-none-eabi/lib/thumb/v6-m/nofp\libcr_c.a(remove.o)
                0x0000b39c                remove
 .text.__aeabi_division_idivmod
                0x0000b3ae       0x78 c:/nxp/mcuxpressoide_11.2.0_4120/ide/plugins/com.nxp.mcuxpresso.tools.win32_11.2.0.202001021529/tools/bin/../lib/gcc/arm-none-eabi/9.2.1/thumb/v6-m/nofp\libcr_eabihelpers.a(division_32.o)
                0x0000b3ae                __aeabi_idivmod
                0x0000b3ae                __aeabi_idiv
                0x0000b3b4                __aeabi_uidivmod
                0x0000b3b4                __aeabi_uidiv
 .text.__aeabi_division_idiv0
                0x0000b426        0x2 c:/nxp/mcuxpressoide_11.2.0_4120/ide/plugins/com.nxp.mcuxpresso.tools.win32_11.2.0.202001021529/tools/bin/../lib/gcc/arm-none-eabi/9.2.1/thumb/v6-m/nofp\libcr_eabihelpers.a(division_idiv0.o)
                0x0000b426                __aeabi_idiv0
 .text.__bhs_ui2d
                0x0000b428       0x5e c:/nxp/mcuxpressoide_11.2.0_4120/ide/plugins/com.nxp.mcuxpresso.tools.win32_11.2.0.202001021529/tools/bin/../lib/gcc/arm-none-eabi/9.2.1/thumb/v6-m/nofp\libcr_eabihelpers.a(double.o)
                0x0000b428                __bhs_ui2d
 .text.__aeabi_i2d
                0x0000b486       0x18 c:/nxp/mcuxpressoide_11.2.0_4120/ide/plugins/com.nxp.mcuxpresso.tools.win32_11.2.0.202001021529/tools/bin/../lib/gcc/arm-none-eabi/9.2.1/thumb/v6-m/nofp\libcr_eabihelpers.a(double.o)
                0x0000b486                __aeabi_i2d
 .text.__aeabi_ui2d
                0x0000b49e        0xc c:/nxp/mcuxpressoide_11.2.0_4120/ide/plugins/com.nxp.mcuxpresso.tools.win32_11.2.0.202001021529/tools/bin/../lib/gcc/arm-none-eabi/9.2.1/thumb/v6-m/nofp\libcr_eabihelpers.a(double.o)
                0x0000b49e                __aeabi_ui2d
 .text.__aeabi_l2d
                0x0000b4aa       0x24 c:/nxp/mcuxpressoide_11.2.0_4120/ide/plugins/com.nxp.mcuxpresso.tools.win32_11.2.0.202001021529/tools/bin/../lib/gcc/arm-none-eabi/9.2.1/thumb/v6-m/nofp\libcr_eabihelpers.a(double.o)
                0x0000b4aa                __aeabi_l2d
 .text.__bhs_ui2f
                0x0000b4ce       0x62 c:/nxp/mcuxpressoide_11.2.0_4120/ide/plugins/com.nxp.mcuxpresso.tools.win32_11.2.0.202001021529/tools/bin/../lib/gcc/arm-none-eabi/9.2.1/thumb/v6-m/nofp\libcr_eabihelpers.a(float.o)
                0x0000b4ce                __bhs_ui2f
 .text.__aeabi_i2f
                0x0000b530       0x18 c:/nxp/mcuxpressoide_11.2.0_4120/ide/plugins/com.nxp.mcuxpresso.tools.win32_11.2.0.202001021529/tools/bin/../lib/gcc/arm-none-eabi/9.2.1/thumb/v6-m/nofp\libcr_eabihelpers.a(float.o)
                0x0000b530                __aeabi_i2f
 .text.__aeabi_ui2f
                0x0000b548        0xc c:/nxp/mcuxpressoide_11.2.0_4120/ide/plugins/com.nxp.mcuxpresso.tools.win32_11.2.0.202001021529/tools/bin/../lib/gcc/arm-none-eabi/9.2.1/thumb/v6-m/nofp\libcr_eabihelpers.a(float.o)
                0x0000b548                __aeabi_ui2f
 .text.__aeabi_llong_lmul
                0x0000b554       0x2e c:/nxp/mcuxpressoide_11.2.0_4120/ide/plugins/com.nxp.mcuxpresso.tools.win32_11.2.0.202001021529/tools/bin/../lib/gcc/arm-none-eabi/9.2.1/thumb/v6-m/nofp\libcr_eabihelpers.a(llong.o)
                0x0000b554                __aeabi_lmul
 .text.__aeabi_memset_lowlevel
                0x0000b582       0x2a c:/nxp/mcuxpressoide_11.2.0_4120/ide/plugins/com.nxp.mcuxpresso.tools.win32_11.2.0.202001021529/tools/bin/../lib/gcc/arm-none-eabi/9.2.1/thumb/v6-m/nofp\libcr_eabihelpers.a(memcpy.o)
                0x0000b582                __aeabi_lowlevel_memset
 .text.__gnu_thumb1_case_shi
                0x0000b5ac       0x10 c:/nxp/mcuxpressoide_11.2.0_4120/ide/plugins/com.nxp.mcuxpresso.tools.win32_11.2.0.202001021529/tools/bin/../lib/gcc/arm-none-eabi/9.2.1/thumb/v6-m/nofp\libcr_eabihelpers.a(thumb1_switch_helpers.o)
                0x0000b5ac                __gnu_thumb1_case_shi
 .text.__sys_appexit
                0x0000b5bc        0x2 c:/nxp/mcuxpressoide_11.2.0_4120/ide/plugins/com.nxp.mcuxpresso.tools.win32_11.2.0.202001021529/tools/bin/../lib/gcc/arm-none-eabi/9.2.1/../../../../arm-none-eabi/lib/thumb/v6-m/nofp\libcr_nohost_nf.a(__sys_appexit.o)
                0x0000b5bc                __sys_appexit
                0x0000b5bc                __exit
 .text.__sys_close
                0x0000b5be        0x6 c:/nxp/mcuxpressoide_11.2.0_4120/ide/plugins/com.nxp.mcuxpresso.tools.win32_11.2.0.202001021529/tools/bin/../lib/gcc/arm-none-eabi/9.2.1/../../../../arm-none-eabi/lib/thumb/v6-m/nofp\libcr_nohost_nf.a(__sys_close.o)
                0x0000b5be                __sys_close
 .text.__sys_flen
                0x0000b5c4        0x6 c:/nxp/mcuxpressoide_11.2.0_4120/ide/plugins/com.nxp.mcuxpresso.tools.win32_11.2.0.202001021529/tools/bin/../lib/gcc/arm-none-eabi/9.2.1/../../../../arm-none-eabi/lib/thumb/v6-m/nofp\libcr_nohost_nf.a(__sys_flen.o)
                0x0000b5c4                __sys_flen
 .text.__sys_istty
                0x0000b5ca        0x6 c:/nxp/mcuxpressoide_11.2.0_4120/ide/plugins/com.nxp.mcuxpresso.tools.win32_11.2.0.202001021529/tools/bin/../lib/gcc/arm-none-eabi/9.2.1/../../../../arm-none-eabi/lib/thumb/v6-m/nofp\libcr_nohost_nf.a(__sys_istty.o)
                0x0000b5ca                __sys_istty
 .text.__sys_read
                0x0000b5d0        0x4 c:/nxp/mcuxpressoide_11.2.0_4120/ide/plugins/com.nxp.mcuxpresso.tools.win32_11.2.0.202001021529/tools/bin/../lib/gcc/arm-none-eabi/9.2.1/../../../../arm-none-eabi/lib/thumb/v6-m/nofp\libcr_nohost_nf.a(__sys_read.o)
                0x0000b5d0                __sys_read
 .text.__sys_remove
                0x0000b5d4        0x6 c:/nxp/mcuxpressoide_11.2.0_4120/ide/plugins/com.nxp.mcuxpresso.tools.win32_11.2.0.202001021529/tools/bin/../lib/gcc/arm-none-eabi/9.2.1/../../../../arm-none-eabi/lib/thumb/v6-m/nofp\libcr_nohost_nf.a(__sys_remove.o)
                0x0000b5d4                __sys_remove
 .text.__sys_seek
                0x0000b5da        0x6 c:/nxp/mcuxpressoide_11.2.0_4120/ide/plugins/com.nxp.mcuxpresso.tools.win32_11.2.0.202001021529/tools/bin/../lib/gcc/arm-none-eabi/9.2.1/../../../../arm-none-eabi/lib/thumb/v6-m/nofp\libcr_nohost_nf.a(__sys_seek.o)
                0x0000b5da                __sys_seek
 .text.__sys_tmpnam
                0x0000b5e0        0x6 c:/nxp/mcuxpressoide_11.2.0_4120/ide/plugins/com.nxp.mcuxpresso.tools.win32_11.2.0.202001021529/tools/bin/../lib/gcc/arm-none-eabi/9.2.1/../../../../arm-none-eabi/lib/thumb/v6-m/nofp\libcr_nohost_nf.a(__sys_tmpnam.o)
                0x0000b5e0                __sys_tmpnam
 *(SORT_BY_ALIGNMENT(.rodata) SORT_BY_ALIGNMENT(.rodata.*) SORT_BY_ALIGNMENT(.constdata) SORT_BY_ALIGNMENT(.constdata.*))
 *fill*         0x0000b5e6        0x2 ff
 .rodata.a1.3959
                0x0000b5e8       0x88 c:/nxp/mcuxpressoide_11.2.0_4120/ide/plugins/com.nxp.mcuxpresso.tools.win32_11.2.0.202001021529/tools/bin/../lib/gcc/arm-none-eabi/9.2.1/../../../../arm-none-eabi/lib/thumb/v6-m/nofp\libcr_c.a(pow.o)
 .rodata.a2.3960
                0x0000b670       0x40 c:/nxp/mcuxpressoide_11.2.0_4120/ide/plugins/com.nxp.mcuxpresso.tools.win32_11.2.0.202001021529/tools/bin/../lib/gcc/arm-none-eabi/9.2.1/../../../../arm-none-eabi/lib/thumb/v6-m/nofp\libcr_c.a(pow.o)
 .rodata.a.3949
                0x0000b6b0       0x20 c:/nxp/mcuxpressoide_11.2.0_4120/ide/plugins/com.nxp.mcuxpresso.tools.win32_11.2.0.202001021529/tools/bin/../lib/gcc/arm-none-eabi/9.2.1/../../../../arm-none-eabi/lib/thumb/v6-m/nofp\libcr_c.a(atan.o)
 .rodata.str1.4
                0x0000b6d0      0x195 ./source/Command_handler.o
                                0x19d (size before relaxing)
 *fill*         0x0000b865        0x3 ff
 .rodata.commands
                0x0000b868       0x3c ./source/Command_handler.o
 .rodata.command_line_interface.str1.4
                0x0000b8a4       0x56 ./source/Command_handler.o
                                 0x5a (size before relaxing)
 *fill*         0x0000b8fa        0x2 ff
 .rodata.process_command.str1.4
                0x0000b8fc       0x16 ./source/Command_handler.o
 *fill*         0x0000b912        0x2 ff
 .rodata.handle_set.str1.4
                0x0000b914      0x172 ./source/Command_handler.o
                                0x176 (size before relaxing)
 *fill*         0x0000ba86        0x2 ff
 .rodata.handle_info.str1.4
                0x0000ba88       0xbc ./source/Command_handler.o
 .rodata.handle_calibrate.str1.4
                0x0000bb44       0xe9 ./source/Command_handler.o
 *fill*         0x0000bc2d        0x3 ff
 .rodata.handle_author.str1.4
                0x0000bc30       0x41 ./source/Command_handler.o
 *fill*         0x0000bc71        0x3 ff
 .rodata.handle_help.str1.4
                0x0000bc74       0xb9 ./source/Command_handler.o
 *fill*         0x0000bd2d        0x3 ff
 .rodata.test_DAG.str1.4
                0x0000bd30      0x101 ./source/test_DAG.o
 *fill*         0x0000be31        0x3 ff
 .rodata.test_LED.str1.4
                0x0000be34      0x1cc ./source/test_LED.o
 .rodata.test_acclerometer.str1.4
                0x0000c000      0x529 ./source/test_accelerometer.o
 *fill*         0x0000c529        0x3 ff
 .rodata.test_cbfifo.str1.4
                0x0000c52c     0x3625 ./source/test_cbfifo.o
 *fill*         0x0000fb51        0x3 ff
 .rodata.str1.4
                0x0000fb54      0x226 ./source/test_cbfifo.o
 *fill*         0x0000fd7a        0x2 ff
 .rodata.test_interrupts.str1.4
                0x0000fd7c      0x203 ./source/test_interrupts.o
 *fill*         0x0000ff7f        0x1 ff
 .rodata.CLOCK_GetMcgExtClkFreq.str1.4
                0x0000ff80       0x1f ./drivers/fsl_clock.o
 *fill*         0x0000ff9f        0x1 ff
 .rodata.CLOCK_GetPll0Freq.str1.4
                0x0000ffa0       0x1e ./drivers/fsl_clock.o
 *fill*         0x0000ffbe        0x2 ff
 .rodata.CLOCK_EnablePll0.str1.4
                0x0000ffc0       0x1a ./drivers/fsl_clock.o
 *fill*         0x0000ffda        0x2 ff
 .rodata.CLOCK_SetPbeMode.str1.4
                0x0000ffdc       0x1b ./drivers/fsl_clock.o
 *fill*         0x0000fff7        0x1 ff
 .rodata.CLOCK_BootToPeeMode.str1.4
                0x0000fff8       0x1b ./drivers/fsl_clock.o
 *fill*         0x00010013        0x1 ff
 .rodata.fllFactorTable.5210
                0x00010014       0x10 ./drivers/fsl_clock.o
 .rodata.__assertion_failed.str1.4
                0x00010024        0x4 ./drivers/fsl_common.o
 .rodata.LPSCI_GetInstance.str1.4
                0x00010028       0x37 ./drivers/fsl_lpsci.o
 *fill*         0x0001005f        0x1 ff
 .rodata.LPSCI_Init.str1.4
                0x00010060       0x44 ./drivers/fsl_lpsci.o
 .rodata.LPSCI_GetDefaultConfig.str1.4
                0x000100a4       0x1a ./drivers/fsl_lpsci.o
 *fill*         0x000100be        0x2 ff
 .rodata.LPSCI_WriteBlocking.str1.4
                0x000100c0       0x18 ./drivers/fsl_lpsci.o
 .rodata.LPSCI_ReadBlocking.str1.4
                0x000100d8       0x18 ./drivers/fsl_lpsci.o
 .rodata.s_uartBases
                0x000100f0        0xc ./drivers/fsl_uart.o
 .rodata.s_uartClock
                0x000100fc        0xc ./drivers/fsl_uart.o
 .rodata.UART_GetInstance.str1.4
                0x00010108       0x2c ./drivers/fsl_uart.o
 .rodata.UART_Init.str1.4
                0x00010134       0x43 ./drivers/fsl_uart.o
 *fill*         0x00010177        0x1 ff
 .rodata.UART_GetDefaultConfig.str1.4
                0x00010178       0x19 ./drivers/fsl_uart.o
 *fill*         0x00010191        0x3 ff
 .rodata.UART_ReadBlocking.str1.4
                0x00010194       0x17 ./drivers/fsl_uart.o
 *fill*         0x000101ab        0x1 ff
 .rodata.mcgConfig_BOARD_BootClockRUN
                0x000101ac        0xa ./board/clock_config.o
                0x000101ac                mcgConfig_BOARD_BootClockRUN
 *fill*         0x000101b6        0x2 ff
 .rodata.simConfig_BOARD_BootClockRUN
                0x000101b8        0x8 ./board/clock_config.o
                0x000101b8                simConfig_BOARD_BootClockRUN
 .rodata.oscConfig_BOARD_BootClockRUN
                0x000101c0        0x8 ./board/clock_config.o
                0x000101c0                oscConfig_BOARD_BootClockRUN
 .rodata.__num_Ciob_streams
                0x000101c8        0x4 c:/nxp/mcuxpressoide_11.2.0_4120/ide/plugins/com.nxp.mcuxpresso.tools.win32_11.2.0.202001021529/tools/bin/../lib/gcc/arm-none-eabi/9.2.1/../../../../arm-none-eabi/lib/thumb/v6-m/nofp\libcr_nohost_nf.a(__ciob.o)
                0x000101c8                __num_Ciob_streams
 .rodata._Csys_alloc.str1.1
                0x000101cc       0x18 c:/nxp/mcuxpressoide_11.2.0_4120/ide/plugins/com.nxp.mcuxpresso.tools.win32_11.2.0.202001021529/tools/bin/../lib/gcc/arm-none-eabi/9.2.1/../../../../arm-none-eabi/lib/thumb/v6-m/nofp\libcr_c.a(alloc.o)
 .rodata.fp_display.str1.1
                0x000101e4       0x34 c:/nxp/mcuxpressoide_11.2.0_4120/ide/plugins/com.nxp.mcuxpresso.tools.win32_11.2.0.202001021529/tools/bin/../lib/gcc/arm-none-eabi/9.2.1/../../../../arm-none-eabi/lib/thumb/v6-m/nofp\libcr_c.a(fpprintf.o)
                                 0x35 (size before relaxing)
 .rodata._initio.str1.1
                0x00010218        0x4 c:/nxp/mcuxpressoide_11.2.0_4120/ide/plugins/com.nxp.mcuxpresso.tools.win32_11.2.0.202001021529/tools/bin/../lib/gcc/arm-none-eabi/9.2.1/../../../../arm-none-eabi/lib/thumb/v6-m/nofp\libcr_c.a(initio.o)
 .rodata.__vfprintf.str1.1
                0x0001021c       0x31 c:/nxp/mcuxpressoide_11.2.0_4120/ide/plugins/com.nxp.mcuxpresso.tools.win32_11.2.0.202001021529/tools/bin/../lib/gcc/arm-none-eabi/9.2.1/../../../../arm-none-eabi/lib/thumb/v6-m/nofp\libcr_c.a(printf.o)
                                 0x38 (size before relaxing)
 .rodata.__ctype
                0x0001024d      0x180 c:/nxp/mcuxpressoide_11.2.0_4120/ide/plugins/com.nxp.mcuxpresso.tools.win32_11.2.0.202001021529/tools/bin/../lib/gcc/arm-none-eabi/9.2.1/../../../../arm-none-eabi/lib/thumb/v6-m/nofp\libcr_c.a(ctype.o)
                0x0001024d                __ctype
                0x000103d0                . = ALIGN (0x4)
 *fill*         0x000103cd        0x3 ff

.glue_7         0x000103d0        0x0
 .glue_7        0x000103d0        0x0 linker stubs

.glue_7t        0x000103d0        0x0
 .glue_7t       0x000103d0        0x0 linker stubs

.vfp11_veneer   0x000103d0        0x0
 .vfp11_veneer  0x000103d0        0x0 linker stubs

.v4_bx          0x000103d0        0x0
 .v4_bx         0x000103d0        0x0 linker stubs

.iplt           0x000103d0        0x0
 .iplt          0x000103d0        0x0 ./utilities/fsl_debug_console.o

.rel.dyn        0x000103d0        0x0
 .rel.iplt      0x000103d0        0x0 ./utilities/fsl_debug_console.o

.ARM.extab
 *(SORT_BY_ALIGNMENT(.ARM.extab*) SORT_BY_ALIGNMENT(.gnu.linkonce.armextab.*))

.ARM.exidx      0x000103d0        0x0
                0x000103d0                __exidx_start = .
 *(SORT_BY_ALIGNMENT(.ARM.exidx*) SORT_BY_ALIGNMENT(.gnu.linkonce.armexidx.*))
                0x000103d0                __exidx_end = .
                0x000103d0                _etext = .

.m_usb_data
 *(SORT_BY_ALIGNMENT(m_usb_bdt))

.mtb_buffer_default
                0x1ffff000       0x80
 *(SORT_BY_ALIGNMENT(.mtb*))
 .mtb.$RAM1     0x1ffff000       0x80 ./source/mtb.o
                0x1ffff000                __mtb_buffer__

.uninit_RESERVED
                0x1ffff080        0x0
                0x1ffff080                _start_uninit_RESERVED = .
 *(SORT_BY_ALIGNMENT(.bss.$RESERVED*))
                0x1ffff080                . = ALIGN (0x4)
                0x1ffff080                _end_uninit_RESERVED = .

.data           0x1ffff080      0x228 load address 0x000103d0
 FILL mask 0xff
                0x1ffff080                _data = .
                [!provide]                PROVIDE (__start_data_RAM = .)
                [!provide]                PROVIDE (__start_data_SRAM = .)
 *(SORT_BY_ALIGNMENT(vtable))
 *(SORT_BY_ALIGNMENT(.ramfunc*))
 *(SORT_BY_ALIGNMENT(CodeQuickAccess))
 *(SORT_BY_ALIGNMENT(DataQuickAccess))
 *(SORT_BY_ALIGNMENT(RamFunction))
 *(SORT_BY_ALIGNMENT(.data*))
 .data.max_measurable_angle
                0x1ffff080        0x4 ./source/Command_handler.o
 .data.cbfifo   0x1ffff084      0x210 ./source/cbfifo.o
                0x1ffff084                cbfifo
 .data.str.4952
                0x1ffff294        0x4 ./source/test_cbfifo.o
 .data.s_slowIrcFreq
                0x1ffff298        0x4 ./drivers/fsl_clock.o
 .data.SystemCoreClock
                0x1ffff29c        0x4 ./CMSIS/system_MKL25Z4.o
                0x1ffff29c                SystemCoreClock
 .data.neginf.4394
                0x1ffff2a0        0x4 c:/nxp/mcuxpressoide_11.2.0_4120/ide/plugins/com.nxp.mcuxpresso.tools.win32_11.2.0.202001021529/tools/bin/../lib/gcc/arm-none-eabi/9.2.1/../../../../arm-none-eabi/lib/thumb/v6-m/nofp\libcr_c.a(scanf.o)
 .data.posinf.4393
                0x1ffff2a4        0x4 c:/nxp/mcuxpressoide_11.2.0_4120/ide/plugins/com.nxp.mcuxpresso.tools.win32_11.2.0.202001021529/tools/bin/../lib/gcc/arm-none-eabi/9.2.1/../../../../arm-none-eabi/lib/thumb/v6-m/nofp\libcr_c.a(scanf.o)
                0x1ffff2a8                . = ALIGN (0x4)
                0x1ffff2a8                _edata = .
                [!provide]                PROVIDE (__end_data_RAM = .)
                [!provide]                PROVIDE (__end_data_SRAM = .)

.igot.plt       0x1ffff2a8        0x0 load address 0x000105f8
 .igot.plt      0x1ffff2a8        0x0 ./utilities/fsl_debug_console.o

.bss            0x1ffff2a8      0x194
                0x1ffff2a8                _bss = .
                [!provide]                PROVIDE (__start_bss_RAM = .)
                [!provide]                PROVIDE (__start_bss_SRAM = .)
 *(SORT_BY_ALIGNMENT(.bss*))
 .bss.s_debugConsole
                0x1ffff2a8       0x10 ./utilities/fsl_debug_console.o
 .bss.relative_zero
                0x1ffff2b8        0x4 ./source/Command_handler.o
 .bss.g_button_pressed
                0x1ffff2bc        0x4 ./source/switch.o
 .bss.g_program_start
                0x1ffff2c0        0x4 ./source/timer.o
 .bss.g_timer_start
                0x1ffff2c4        0x4 ./source/timer.o
 .bss.g_time_msec
                0x1ffff2c8        0x4 ./source/timer.o
 .bss.status    0x1ffff2cc        0x4 ./source/touch_sensor.o
 .bss.g_error_count
                0x1ffff2d0        0x4 ./source/uart.o
 .bss.g_xtal0Freq
                0x1ffff2d4        0x4 ./drivers/fsl_clock.o
                0x1ffff2d4                g_xtal0Freq
 .bss.s_lpsciHandle
                0x1ffff2d8        0x4 ./drivers/fsl_lpsci.o
 .bss.s_lpsciIsr
                0x1ffff2dc        0x4 ./drivers/fsl_lpsci.o
 .bss.s_uartHandle
                0x1ffff2e0        0xc ./drivers/fsl_uart.o
 .bss.s_uartIsr
                0x1ffff2ec        0x4 ./drivers/fsl_uart.o
 .bss.__Ciob    0x1ffff2f0       0xb4 c:/nxp/mcuxpressoide_11.2.0_4120/ide/plugins/com.nxp.mcuxpresso.tools.win32_11.2.0.202001021529/tools/bin/../lib/gcc/arm-none-eabi/9.2.1/../../../../arm-none-eabi/lib/thumb/v6-m/nofp\libcr_nohost_nf.a(__ciob.o)
                0x1ffff2f0                __Ciob
 .bss.errno     0x1ffff3a4        0x4 c:/nxp/mcuxpressoide_11.2.0_4120/ide/plugins/com.nxp.mcuxpresso.tools.win32_11.2.0.202001021529/tools/bin/../lib/gcc/arm-none-eabi/9.2.1/../../../../arm-none-eabi/lib/thumb/v6-m/nofp\libcr_c.a(errno.o)
                0x1ffff3a4                errno
 .bss._exitvector
                0x1ffff3a8       0x84 c:/nxp/mcuxpressoide_11.2.0_4120/ide/plugins/com.nxp.mcuxpresso.tools.win32_11.2.0.202001021529/tools/bin/../lib/gcc/arm-none-eabi/9.2.1/../../../../arm-none-eabi/lib/thumb/v6-m/nofp\libcr_c.a(stdlib.o)
                0x1ffff3a8                _exitvector
 .bss._number_of_exit_functions
                0x1ffff42c        0x4 c:/nxp/mcuxpressoide_11.2.0_4120/ide/plugins/com.nxp.mcuxpresso.tools.win32_11.2.0.202001021529/tools/bin/../lib/gcc/arm-none-eabi/9.2.1/../../../../arm-none-eabi/lib/thumb/v6-m/nofp\libcr_c.a(stdlib.o)
                0x1ffff42c                _number_of_exit_functions
 .bss.__end_of_heap
                0x1ffff430        0x4 c:/nxp/mcuxpressoide_11.2.0_4120/ide/plugins/com.nxp.mcuxpresso.tools.win32_11.2.0.202001021529/tools/bin/../lib/gcc/arm-none-eabi/9.2.1/../../../../arm-none-eabi/lib/thumb/v6-m/nofp\libcr_c.a(__init_alloc.o)
                0x1ffff430                __end_of_heap
 .bss.__heaps   0x1ffff434        0x4 c:/nxp/mcuxpressoide_11.2.0_4120/ide/plugins/com.nxp.mcuxpresso.tools.win32_11.2.0.202001021529/tools/bin/../lib/gcc/arm-none-eabi/9.2.1/../../../../arm-none-eabi/lib/thumb/v6-m/nofp\libcr_c.a(__init_alloc.o)
                0x1ffff434                __heaps
 .bss.calibrate
                0x1ffff438        0x1 ./source/Command_handler.o
 *(SORT_BY_ALIGNMENT(COMMON))
                0x1ffff43c                . = ALIGN (0x4)
 *fill*         0x1ffff439        0x3 
                0x1ffff43c                _ebss = .
                [!provide]                PROVIDE (__end_bss_RAM = .)
                [!provide]                PROVIDE (__end_bss_SRAM = .)
                [!provide]                PROVIDE (end = .)

.noinit         0x1ffff43c        0x0
                0x1ffff43c                _noinit = .
                [!provide]                PROVIDE (__start_noinit_RAM = .)
                [!provide]                PROVIDE (__start_noinit_SRAM = .)
 *(SORT_BY_ALIGNMENT(.noinit*))
                0x1ffff43c                . = ALIGN (0x4)
                0x1ffff43c                _end_noinit = .
                [!provide]                PROVIDE (__end_noinit_RAM = .)
                [!provide]                PROVIDE (__end_noinit_SRAM = .)
                0x00000400                _HeapSize = 0x400

.heap           0x1ffff43c      0x400
                0x1ffff43c                _pvHeapStart = .
                0x1ffff83c                . = (. + _HeapSize)
 *fill*         0x1ffff43c      0x400 
                0x1ffff83c                . = ALIGN (0x4)
                0x1ffff83c                _pvHeapLimit = .
                0x00000400                _StackSize = 0x400

.heap2stackfill
                0x1ffff83c      0x400
                0x1ffffc3c                . = (. + _StackSize)
 *fill*         0x1ffff83c      0x400 

.stack          0x20002c00        0x0
                0x20002c00                _vStackBase = .
                0x20002c00                . = ALIGN (0x4)
                0x20003000                _vStackTop = (. + _StackSize)
                0x00000000                _image_start = LOADADDR (.text)
                0x000105f8                _image_end = (LOADADDR (.data) + SIZEOF (.data))
                0x000105f8                _image_size = (_image_end - _image_start)
OUTPUT(Digital_Angle_Gauge.axf elf32-littlearm)

.debug_info     0x00000000     0xc231
 .debug_info    0x00000000      0xfbd ./utilities/fsl_debug_console.o
 .debug_info    0x00000fbd      0x4df ./startup/startup_mkl25z4.o
 .debug_info    0x0000149c      0x623 ./source/Command_handler.o
 .debug_info    0x00001abf      0x4f7 ./source/I2C.o
 .debug_info    0x00001fb6      0x489 ./source/LED.o
 .debug_info    0x0000243f      0x188 ./source/accelerometer.o
 .debug_info    0x000025c7      0x4ad ./source/cbfifo.o
 .debug_info    0x00002a74      0x51c ./source/main.o
 .debug_info    0x00002f90       0x53 ./source/mtb.o
 .debug_info    0x00002fe3       0x3c ./source/semihost_hardfault.o
 .debug_info    0x0000301f      0x837 ./source/switch.o
 .debug_info    0x00003856      0x1e4 ./source/sysclock.o
 .debug_info    0x00003a3a      0x220 ./source/test_DAG.o
 .debug_info    0x00003c5a      0x22f ./source/test_LED.o
 .debug_info    0x00003e89      0x227 ./source/test_accelerometer.o
 .debug_info    0x000040b0      0x2f3 ./source/test_cbfifo.o
 .debug_info    0x000043a3      0x258 ./source/test_interrupts.o
 .debug_info    0x000045fb      0x5ec ./source/timer.o
 .debug_info    0x00004be7      0x8c0 ./source/touch_sensor.o
 .debug_info    0x000054a7      0x7e2 ./source/uart.o
 .debug_info    0x00005c89      0x248 ./source/user_io.o
 .debug_info    0x00005ed1     0x1a97 ./drivers/fsl_clock.o
 .debug_info    0x00007968      0x444 ./drivers/fsl_common.o
 .debug_info    0x00007dac     0x1469 ./drivers/fsl_lpsci.o
 .debug_info    0x00009215     0x140a ./drivers/fsl_uart.o
 .debug_info    0x0000a61f      0x6fa ./board/board.o
 .debug_info    0x0000ad19      0xb00 ./board/clock_config.o
 .debug_info    0x0000b819       0x3c ./board/peripherals.o
 .debug_info    0x0000b855      0x5a3 ./board/pin_mux.o
 .debug_info    0x0000bdf8      0x439 ./CMSIS/system_MKL25Z4.o

.debug_abbrev   0x00000000     0x3114
 .debug_abbrev  0x00000000      0x2d7 ./utilities/fsl_debug_console.o
 .debug_abbrev  0x000002d7      0x18d ./startup/startup_mkl25z4.o
 .debug_abbrev  0x00000464      0x1d4 ./source/Command_handler.o
 .debug_abbrev  0x00000638      0x19d ./source/I2C.o
 .debug_abbrev  0x000007d5      0x156 ./source/LED.o
 .debug_abbrev  0x0000092b       0xe3 ./source/accelerometer.o
 .debug_abbrev  0x00000a0e      0x231 ./source/cbfifo.o
 .debug_abbrev  0x00000c3f      0x12e ./source/main.o
 .debug_abbrev  0x00000d6d       0x46 ./source/mtb.o
 .debug_abbrev  0x00000db3       0x31 ./source/semihost_hardfault.o
 .debug_abbrev  0x00000de4      0x28d ./source/switch.o
 .debug_abbrev  0x00001071       0xef ./source/sysclock.o
 .debug_abbrev  0x00001160       0xf2 ./source/test_DAG.o
 .debug_abbrev  0x00001252       0xd8 ./source/test_LED.o
 .debug_abbrev  0x0000132a       0xd8 ./source/test_accelerometer.o
 .debug_abbrev  0x00001402      0x138 ./source/test_cbfifo.o
 .debug_abbrev  0x0000153a      0x10e ./source/test_interrupts.o
 .debug_abbrev  0x00001648      0x236 ./source/timer.o
 .debug_abbrev  0x0000187e      0x273 ./source/touch_sensor.o
 .debug_abbrev  0x00001af1      0x1ef ./source/uart.o
 .debug_abbrev  0x00001ce0      0x13d ./source/user_io.o
 .debug_abbrev  0x00001e1d      0x36f ./drivers/fsl_clock.o
 .debug_abbrev  0x0000218c      0x275 ./drivers/fsl_common.o
 .debug_abbrev  0x00002401      0x309 ./drivers/fsl_lpsci.o
 .debug_abbrev  0x0000270a      0x323 ./drivers/fsl_uart.o
 .debug_abbrev  0x00002a2d      0x185 ./board/board.o
 .debug_abbrev  0x00002bb2      0x220 ./board/clock_config.o
 .debug_abbrev  0x00002dd2       0x31 ./board/peripherals.o
 .debug_abbrev  0x00002e03      0x1bb ./board/pin_mux.o
 .debug_abbrev  0x00002fbe      0x156 ./CMSIS/system_MKL25Z4.o

.debug_aranges  0x00000000      0xaf8
 .debug_aranges
                0x00000000       0x98 ./utilities/fsl_debug_console.o
 .debug_aranges
                0x00000098      0x160 ./startup/startup_mkl25z4.o
 .debug_aranges
                0x000001f8       0x50 ./source/Command_handler.o
 .debug_aranges
                0x00000248       0x48 ./source/I2C.o
 .debug_aranges
                0x00000290       0x28 ./source/LED.o
 .debug_aranges
                0x000002b8       0x28 ./source/accelerometer.o
 .debug_aranges
                0x000002e0       0x50 ./source/cbfifo.o
 .debug_aranges
                0x00000330       0x20 ./source/main.o
 .debug_aranges
                0x00000350       0x18 ./source/mtb.o
 .debug_aranges
                0x00000368       0x20 ./source/semihost_hardfault.o
 .debug_aranges
                0x00000388       0x48 ./source/switch.o
 .debug_aranges
                0x000003d0       0x20 ./source/sysclock.o
 .debug_aranges
                0x000003f0       0x20 ./source/test_DAG.o
 .debug_aranges
                0x00000410       0x20 ./source/test_LED.o
 .debug_aranges
                0x00000430       0x20 ./source/test_accelerometer.o
 .debug_aranges
                0x00000450       0x20 ./source/test_cbfifo.o
 .debug_aranges
                0x00000470       0x20 ./source/test_interrupts.o
 .debug_aranges
                0x00000490       0x50 ./source/timer.o
 .debug_aranges
                0x000004e0       0x50 ./source/touch_sensor.o
 .debug_aranges
                0x00000530       0x40 ./source/uart.o
 .debug_aranges
                0x00000570       0x30 ./source/user_io.o
 .debug_aranges
                0x000005a0      0x1d8 ./drivers/fsl_clock.o
 .debug_aranges
                0x00000778       0x38 ./drivers/fsl_common.o
 .debug_aranges
                0x000007b0      0x118 ./drivers/fsl_lpsci.o
 .debug_aranges
                0x000008c8      0x130 ./drivers/fsl_uart.o
 .debug_aranges
                0x000009f8       0x28 ./board/board.o
 .debug_aranges
                0x00000a20       0x58 ./board/clock_config.o
 .debug_aranges
                0x00000a78       0x20 ./board/peripherals.o
 .debug_aranges
                0x00000a98       0x38 ./board/pin_mux.o
 .debug_aranges
                0x00000ad0       0x28 ./CMSIS/system_MKL25Z4.o

.debug_ranges   0x00000000      0x910
 .debug_ranges  0x00000000       0x88 ./utilities/fsl_debug_console.o
 .debug_ranges  0x00000088      0x150 ./startup/startup_mkl25z4.o
 .debug_ranges  0x000001d8       0x40 ./source/Command_handler.o
 .debug_ranges  0x00000218       0x38 ./source/I2C.o
 .debug_ranges  0x00000250       0x18 ./source/LED.o
 .debug_ranges  0x00000268       0x18 ./source/accelerometer.o
 .debug_ranges  0x00000280       0x40 ./source/cbfifo.o
 .debug_ranges  0x000002c0       0x10 ./source/main.o
 .debug_ranges  0x000002d0       0x10 ./source/semihost_hardfault.o
 .debug_ranges  0x000002e0       0x38 ./source/switch.o
 .debug_ranges  0x00000318       0x10 ./source/sysclock.o
 .debug_ranges  0x00000328       0x10 ./source/test_DAG.o
 .debug_ranges  0x00000338       0x10 ./source/test_LED.o
 .debug_ranges  0x00000348       0x10 ./source/test_accelerometer.o
 .debug_ranges  0x00000358       0x10 ./source/test_cbfifo.o
 .debug_ranges  0x00000368       0x10 ./source/test_interrupts.o
 .debug_ranges  0x00000378       0x40 ./source/timer.o
 .debug_ranges  0x000003b8       0x40 ./source/touch_sensor.o
 .debug_ranges  0x000003f8       0x30 ./source/uart.o
 .debug_ranges  0x00000428       0x20 ./source/user_io.o
 .debug_ranges  0x00000448      0x1c8 ./drivers/fsl_clock.o
 .debug_ranges  0x00000610       0x28 ./drivers/fsl_common.o
 .debug_ranges  0x00000638      0x108 ./drivers/fsl_lpsci.o
 .debug_ranges  0x00000740      0x120 ./drivers/fsl_uart.o
 .debug_ranges  0x00000860       0x18 ./board/board.o
 .debug_ranges  0x00000878       0x48 ./board/clock_config.o
 .debug_ranges  0x000008c0       0x10 ./board/peripherals.o
 .debug_ranges  0x000008d0       0x28 ./board/pin_mux.o
 .debug_ranges  0x000008f8       0x18 ./CMSIS/system_MKL25Z4.o

.debug_macro    0x00000000     0xee73
 .debug_macro   0x00000000      0x127 ./utilities/fsl_debug_console.o
 .debug_macro   0x00000127      0xaae ./utilities/fsl_debug_console.o
 .debug_macro   0x00000bd5       0x10 ./utilities/fsl_debug_console.o
 .debug_macro   0x00000be5       0x16 ./utilities/fsl_debug_console.o
 .debug_macro   0x00000bfb       0x10 ./utilities/fsl_debug_console.o
 .debug_macro   0x00000c0b      0x12e ./utilities/fsl_debug_console.o
 .debug_macro   0x00000d39       0x28 ./utilities/fsl_debug_console.o
 .debug_macro   0x00000d61       0xc4 ./utilities/fsl_debug_console.o
 .debug_macro   0x00000e25       0x16 ./utilities/fsl_debug_console.o
 .debug_macro   0x00000e3b       0x22 ./utilities/fsl_debug_console.o
 .debug_macro   0x00000e5d      0x5b3 ./utilities/fsl_debug_console.o
 .debug_macro   0x00001410       0x10 ./utilities/fsl_debug_console.o
 .debug_macro   0x00001420       0x3f ./utilities/fsl_debug_console.o
 .debug_macro   0x0000145f       0x3a ./utilities/fsl_debug_console.o
 .debug_macro   0x00001499       0x26 ./utilities/fsl_debug_console.o
 .debug_macro   0x000014bf      0x329 ./utilities/fsl_debug_console.o
 .debug_macro   0x000017e8       0x30 ./utilities/fsl_debug_console.o
 .debug_macro   0x00001818     0x51e2 ./utilities/fsl_debug_console.o
 .debug_macro   0x000069fa     0x1352 ./utilities/fsl_debug_console.o
 .debug_macro   0x00007d4c       0x3a ./utilities/fsl_debug_console.o
 .debug_macro   0x00007d86       0xf4 ./utilities/fsl_debug_console.o
 .debug_macro   0x00007e7a       0x35 ./utilities/fsl_debug_console.o
 .debug_macro   0x00007eaf       0x2e ./utilities/fsl_debug_console.o
 .debug_macro   0x00007edd       0x10 ./utilities/fsl_debug_console.o
 .debug_macro   0x00007eed       0x10 ./utilities/fsl_debug_console.o
 .debug_macro   0x00007efd       0x29 ./startup/startup_mkl25z4.o
 .debug_macro   0x00007f26      0x17e ./source/Command_handler.o
 .debug_macro   0x000080a4       0xa0 ./source/Command_handler.o
 .debug_macro   0x00008144       0x3f ./source/Command_handler.o
 .debug_macro   0x00008183     0x51e2 ./source/Command_handler.o
 .debug_macro   0x0000d365       0x22 ./source/Command_handler.o
 .debug_macro   0x0000d387       0xe0 ./source/I2C.o
 .debug_macro   0x0000d467       0xe6 ./source/LED.o
 .debug_macro   0x0000d54d       0x34 ./source/LED.o
 .debug_macro   0x0000d581       0xf3 ./source/accelerometer.o
 .debug_macro   0x0000d674       0xae ./source/cbfifo.o
 .debug_macro   0x0000d722      0x203 ./source/main.o
 .debug_macro   0x0000d925       0x16 ./source/main.o
 .debug_macro   0x0000d93b       0x10 ./source/main.o
 .debug_macro   0x0000d94b      0x112 ./source/main.o
 .debug_macro   0x0000da5d       0x34 ./source/main.o
 .debug_macro   0x0000da91       0x10 ./source/main.o
 .debug_macro   0x0000daa1       0x2f ./source/mtb.o
 .debug_macro   0x0000dad0       0x82 ./source/mtb.o
 .debug_macro   0x0000db52       0x10 ./source/mtb.o
 .debug_macro   0x0000db62       0x11 ./source/semihost_hardfault.o
 .debug_macro   0x0000db73       0xb6 ./source/switch.o
 .debug_macro   0x0000dc29       0x91 ./source/sysclock.o
 .debug_macro   0x0000dcba      0x161 ./source/test_DAG.o
 .debug_macro   0x0000de1b      0x121 ./source/test_LED.o
 .debug_macro   0x0000df3c      0x13a ./source/test_accelerometer.o
 .debug_macro   0x0000e076       0xdc ./source/test_cbfifo.o
 .debug_macro   0x0000e152       0x9a ./source/test_cbfifo.o
 .debug_macro   0x0000e1ec      0x113 ./source/test_interrupts.o
 .debug_macro   0x0000e2ff       0xb1 ./source/timer.o
 .debug_macro   0x0000e3b0       0xb3 ./source/touch_sensor.o
 .debug_macro   0x0000e463       0xe4 ./source/uart.o
 .debug_macro   0x0000e547       0xb2 ./source/user_io.o
 .debug_macro   0x0000e5f9      0x196 ./drivers/fsl_clock.o
 .debug_macro   0x0000e78f       0x1c ./drivers/fsl_clock.o
 .debug_macro   0x0000e7ab       0xef ./drivers/fsl_common.o
 .debug_macro   0x0000e89a       0xec ./drivers/fsl_lpsci.o
 .debug_macro   0x0000e986       0xf2 ./drivers/fsl_uart.o
 .debug_macro   0x0000ea78      0x112 ./board/board.o
 .debug_macro   0x0000eb8a      0x123 ./board/clock_config.o
 .debug_macro   0x0000ecad       0x1b ./board/peripherals.o
 .debug_macro   0x0000ecc8      0x107 ./board/pin_mux.o
 .debug_macro   0x0000edcf       0x10 ./board/pin_mux.o
 .debug_macro   0x0000eddf       0x94 ./CMSIS/system_MKL25Z4.o

.debug_line     0x00000000     0x9a55
 .debug_line    0x00000000      0xdbc ./utilities/fsl_debug_console.o
 .debug_line    0x00000dbc      0x1e7 ./startup/startup_mkl25z4.o
 .debug_line    0x00000fa3      0x745 ./source/Command_handler.o
 .debug_line    0x000016e8      0x30f ./source/I2C.o
 .debug_line    0x000019f7      0x2ae ./source/LED.o
 .debug_line    0x00001ca5      0x30a ./source/accelerometer.o
 .debug_line    0x00001faf      0x523 ./source/cbfifo.o
 .debug_line    0x000024d2      0x4f1 ./source/main.o
 .debug_line    0x000029c3       0xd1 ./source/mtb.o
 .debug_line    0x00002a94       0x59 ./source/semihost_hardfault.o
 .debug_line    0x00002aed      0x397 ./source/switch.o
 .debug_line    0x00002e84      0x239 ./source/sysclock.o
 .debug_line    0x000030bd      0x36c ./source/test_DAG.o
 .debug_line    0x00003429      0x39d ./source/test_LED.o
 .debug_line    0x000037c6      0x4de ./source/test_accelerometer.o
 .debug_line    0x00003ca4      0xbca ./source/test_cbfifo.o
 .debug_line    0x0000486e      0x37f ./source/test_interrupts.o
 .debug_line    0x00004bed      0x355 ./source/timer.o
 .debug_line    0x00004f42      0x3eb ./source/touch_sensor.o
 .debug_line    0x0000532d      0x3e3 ./source/uart.o
 .debug_line    0x00005710      0x2f9 ./source/user_io.o
 .debug_line    0x00005a09     0x12f3 ./drivers/fsl_clock.o
 .debug_line    0x00006cfc      0x41d ./drivers/fsl_common.o
 .debug_line    0x00007119      0xd6c ./drivers/fsl_lpsci.o
 .debug_line    0x00007e85      0xd5b ./drivers/fsl_uart.o
 .debug_line    0x00008be0      0x391 ./board/board.o
 .debug_line    0x00008f71      0x3e7 ./board/clock_config.o
 .debug_line    0x00009358       0x5c ./board/peripherals.o
 .debug_line    0x000093b4      0x36e ./board/pin_mux.o
 .debug_line    0x00009722      0x333 ./CMSIS/system_MKL25Z4.o

.debug_str      0x00000000    0x36da0
 .debug_str     0x00000000    0x3155e ./utilities/fsl_debug_console.o
                              0x31802 (size before relaxing)
 .debug_str     0x0003155e      0x3e1 ./startup/startup_mkl25z4.o
                               0x31f2 (size before relaxing)
 .debug_str     0x0003193f      0x52a ./source/Command_handler.o
                              0x298f1 (size before relaxing)
 .debug_str     0x00031e69      0x302 ./source/I2C.o
                              0x29060 (size before relaxing)
 .debug_str     0x0003216b      0x1de ./source/LED.o
                              0x29038 (size before relaxing)
 .debug_str     0x00032349      0x115 ./source/accelerometer.o
                              0x293af (size before relaxing)
 .debug_str     0x0003245e       0xf9 ./source/cbfifo.o
                              0x28f66 (size before relaxing)
 .debug_str     0x00032557      0xddd ./source/main.o
                              0x31ca6 (size before relaxing)
 .debug_str     0x00033334      0x532 ./source/mtb.o
                               0x32fe (size before relaxing)
 .debug_str     0x00033866       0x1f ./source/semihost_hardfault.o
                               0x2deb (size before relaxing)
 .debug_str     0x00033885      0x35c ./source/switch.o
                              0x2923f (size before relaxing)
 .debug_str     0x00033be1       0x38 ./source/sysclock.o
                              0x28dd1 (size before relaxing)
 .debug_str     0x00033c19       0x2b ./source/test_DAG.o
                              0x2979f (size before relaxing)
 .debug_str     0x00033c44       0xae ./source/test_LED.o
                              0x291e6 (size before relaxing)
 .debug_str     0x00033cf2       0xd1 ./source/test_accelerometer.o
                              0x2973d (size before relaxing)
 .debug_str     0x00033dc3       0x45 ./source/test_cbfifo.o
                              0x29204 (size before relaxing)
 .debug_str     0x00033e08       0x67 ./source/test_interrupts.o
                              0x29206 (size before relaxing)
 .debug_str     0x00033e6f       0xb8 ./source/timer.o
                              0x29370 (size before relaxing)
 .debug_str     0x00033f27       0xf1 ./source/touch_sensor.o
                              0x2925f (size before relaxing)
 .debug_str     0x00034018       0xa0 ./source/uart.o
                              0x29290 (size before relaxing)
 .debug_str     0x000340b8       0x41 ./source/user_io.o
                              0x28ea6 (size before relaxing)
 .debug_str     0x000340f9     0x14bd ./drivers/fsl_clock.o
                              0x322f9 (size before relaxing)
 .debug_str     0x000355b6       0xe1 ./drivers/fsl_common.o
                              0x308e0 (size before relaxing)
 .debug_str     0x00035697      0x951 ./drivers/fsl_lpsci.o
                              0x31901 (size before relaxing)
 .debug_str     0x00035fe8      0x832 ./drivers/fsl_uart.o
                              0x31924 (size before relaxing)
 .debug_str     0x0003681a       0x4c ./board/board.o
                              0x3143e (size before relaxing)
 .debug_str     0x00036866      0x2d9 ./board/clock_config.o
                              0x31227 (size before relaxing)
 .debug_str     0x00036b3f       0x31 ./board/peripherals.o
                               0x2dfc (size before relaxing)
 .debug_str     0x00036b70      0x1e1 ./board/pin_mux.o
                              0x3098a (size before relaxing)
 .debug_str     0x00036d51       0x4f ./CMSIS/system_MKL25Z4.o
                              0x2fc63 (size before relaxing)

.comment        0x00000000       0x79
 .comment       0x00000000       0x79 ./utilities/fsl_debug_console.o
                                 0x7a (size before relaxing)
 .comment       0x00000079       0x7a ./startup/startup_mkl25z4.o
 .comment       0x00000079       0x7a ./source/Command_handler.o
 .comment       0x00000079       0x7a ./source/I2C.o
 .comment       0x00000079       0x7a ./source/LED.o
 .comment       0x00000079       0x7a ./source/accelerometer.o
 .comment       0x00000079       0x7a ./source/cbfifo.o
 .comment       0x00000079       0x7a ./source/main.o
 .comment       0x00000079       0x7a ./source/mtb.o
 .comment       0x00000079       0x7a ./source/semihost_hardfault.o
 .comment       0x00000079       0x7a ./source/switch.o
 .comment       0x00000079       0x7a ./source/sysclock.o
 .comment       0x00000079       0x7a ./source/test_DAG.o
 .comment       0x00000079       0x7a ./source/test_LED.o
 .comment       0x00000079       0x7a ./source/test_accelerometer.o
 .comment       0x00000079       0x7a ./source/test_cbfifo.o
 .comment       0x00000079       0x7a ./source/test_interrupts.o
 .comment       0x00000079       0x7a ./source/timer.o
 .comment       0x00000079       0x7a ./source/touch_sensor.o
 .comment       0x00000079       0x7a ./source/uart.o
 .comment       0x00000079       0x7a ./source/user_io.o
 .comment       0x00000079       0x7a ./drivers/fsl_clock.o
 .comment       0x00000079       0x7a ./drivers/fsl_common.o
 .comment       0x00000079       0x7a ./drivers/fsl_lpsci.o
 .comment       0x00000079       0x7a ./drivers/fsl_uart.o
 .comment       0x00000079       0x7a ./board/board.o
 .comment       0x00000079       0x7a ./board/clock_config.o
 .comment       0x00000079       0x7a ./board/peripherals.o
 .comment       0x00000079       0x7a ./board/pin_mux.o
 .comment       0x00000079       0x7a ./CMSIS/system_MKL25Z4.o
 .comment       0x00000079       0x7a c:/nxp/mcuxpressoide_11.2.0_4120/ide/plugins/com.nxp.mcuxpresso.tools.win32_11.2.0.202001021529/tools/bin/../lib/gcc/arm-none-eabi/9.2.1/../../../../arm-none-eabi/lib/thumb/v6-m/nofp\libcr_nohost_nf.a(__ciob.o)
 .comment       0x00000079       0x7a c:/nxp/mcuxpressoide_11.2.0_4120/ide/plugins/com.nxp.mcuxpresso.tools.win32_11.2.0.202001021529/tools/bin/../lib/gcc/arm-none-eabi/9.2.1/../../../../arm-none-eabi/lib/thumb/v6-m/nofp\libcr_nohost_nf.a(_cr__main.o)
 .comment       0x00000079       0x7a c:/nxp/mcuxpressoide_11.2.0_4120/ide/plugins/com.nxp.mcuxpresso.tools.win32_11.2.0.202001021529/tools/bin/../lib/gcc/arm-none-eabi/9.2.1/../../../../arm-none-eabi/lib/thumb/v6-m/nofp\libcr_c.a(memset.o)
 .comment       0x00000079       0x7a c:/nxp/mcuxpressoide_11.2.0_4120/ide/plugins/com.nxp.mcuxpresso.tools.win32_11.2.0.202001021529/tools/bin/../lib/gcc/arm-none-eabi/9.2.1/../../../../arm-none-eabi/lib/thumb/v6-m/nofp\libcr_c.a(_deferredlazyseek.o)
 .comment       0x00000079       0x7a c:/nxp/mcuxpressoide_11.2.0_4120/ide/plugins/com.nxp.mcuxpresso.tools.win32_11.2.0.202001021529/tools/bin/../lib/gcc/arm-none-eabi/9.2.1/../../../../arm-none-eabi/lib/thumb/v6-m/nofp\libcr_c.a(_fflush.o)
 .comment       0x00000079       0x7a c:/nxp/mcuxpressoide_11.2.0_4120/ide/plugins/com.nxp.mcuxpresso.tools.win32_11.2.0.202001021529/tools/bin/../lib/gcc/arm-none-eabi/9.2.1/../../../../arm-none-eabi/lib/thumb/v6-m/nofp\libcr_c.a(_writebuf.o)
 .comment       0x00000079       0x7a c:/nxp/mcuxpressoide_11.2.0_4120/ide/plugins/com.nxp.mcuxpresso.tools.win32_11.2.0.202001021529/tools/bin/../lib/gcc/arm-none-eabi/9.2.1/../../../../arm-none-eabi/lib/thumb/v6-m/nofp\libcr_c.a(alloc.o)
 .comment       0x00000079       0x7a c:/nxp/mcuxpressoide_11.2.0_4120/ide/plugins/com.nxp.mcuxpresso.tools.win32_11.2.0.202001021529/tools/bin/../lib/gcc/arm-none-eabi/9.2.1/../../../../arm-none-eabi/lib/thumb/v6-m/nofp\libcr_c.a(atan2.o)
 .comment       0x00000079       0x7a c:/nxp/mcuxpressoide_11.2.0_4120/ide/plugins/com.nxp.mcuxpresso.tools.win32_11.2.0.202001021529/tools/bin/../lib/gcc/arm-none-eabi/9.2.1/../../../../arm-none-eabi/lib/thumb/v6-m/nofp\libcr_c.a(errno.o)
 .comment       0x00000079       0x7a c:/nxp/mcuxpressoide_11.2.0_4120/ide/plugins/com.nxp.mcuxpresso.tools.win32_11.2.0.202001021529/tools/bin/../lib/gcc/arm-none-eabi/9.2.1/../../../../arm-none-eabi/lib/thumb/v6-m/nofp\libcr_c.a(fabs.o)
 .comment       0x00000079       0x7a c:/nxp/mcuxpressoide_11.2.0_4120/ide/plugins/com.nxp.mcuxpresso.tools.win32_11.2.0.202001021529/tools/bin/../lib/gcc/arm-none-eabi/9.2.1/../../../../arm-none-eabi/lib/thumb/v6-m/nofp\libcr_c.a(fpprintf.o)
 .comment       0x00000079       0x7a c:/nxp/mcuxpressoide_11.2.0_4120/ide/plugins/com.nxp.mcuxpresso.tools.win32_11.2.0.202001021529/tools/bin/../lib/gcc/arm-none-eabi/9.2.1/../../../../arm-none-eabi/lib/thumb/v6-m/nofp\libcr_c.a(fseek.o)
 .comment       0x00000079       0x7a c:/nxp/mcuxpressoide_11.2.0_4120/ide/plugins/com.nxp.mcuxpresso.tools.win32_11.2.0.202001021529/tools/bin/../lib/gcc/arm-none-eabi/9.2.1/../../../../arm-none-eabi/lib/thumb/v6-m/nofp\libcr_c.a(ftell.o)
 .comment       0x00000079       0x7a c:/nxp/mcuxpressoide_11.2.0_4120/ide/plugins/com.nxp.mcuxpresso.tools.win32_11.2.0.202001021529/tools/bin/../lib/gcc/arm-none-eabi/9.2.1/../../../../arm-none-eabi/lib/thumb/v6-m/nofp\libcr_c.a(initio.o)
 .comment       0x00000079       0x7a c:/nxp/mcuxpressoide_11.2.0_4120/ide/plugins/com.nxp.mcuxpresso.tools.win32_11.2.0.202001021529/tools/bin/../lib/gcc/arm-none-eabi/9.2.1/../../../../arm-none-eabi/lib/thumb/v6-m/nofp\libcr_c.a(modf.o)
 .comment       0x00000079       0x7a c:/nxp/mcuxpressoide_11.2.0_4120/ide/plugins/com.nxp.mcuxpresso.tools.win32_11.2.0.202001021529/tools/bin/../lib/gcc/arm-none-eabi/9.2.1/../../../../arm-none-eabi/lib/thumb/v6-m/nofp\libcr_c.a(pow.o)
 .comment       0x00000079       0x7a c:/nxp/mcuxpressoide_11.2.0_4120/ide/plugins/com.nxp.mcuxpresso.tools.win32_11.2.0.202001021529/tools/bin/../lib/gcc/arm-none-eabi/9.2.1/../../../../arm-none-eabi/lib/thumb/v6-m/nofp\libcr_c.a(printf.o)
 .comment       0x00000079       0x7a c:/nxp/mcuxpressoide_11.2.0_4120/ide/plugins/com.nxp.mcuxpresso.tools.win32_11.2.0.202001021529/tools/bin/../lib/gcc/arm-none-eabi/9.2.1/../../../../arm-none-eabi/lib/thumb/v6-m/nofp\libcr_c.a(scanf.o)
 .comment       0x00000079       0x7a c:/nxp/mcuxpressoide_11.2.0_4120/ide/plugins/com.nxp.mcuxpresso.tools.win32_11.2.0.202001021529/tools/bin/../lib/gcc/arm-none-eabi/9.2.1/../../../../arm-none-eabi/lib/thumb/v6-m/nofp\libcr_c.a(setvbuf.o)
 .comment       0x00000079       0x7a c:/nxp/mcuxpressoide_11.2.0_4120/ide/plugins/com.nxp.mcuxpresso.tools.win32_11.2.0.202001021529/tools/bin/../lib/gcc/arm-none-eabi/9.2.1/../../../../arm-none-eabi/lib/thumb/v6-m/nofp\libcr_c.a(stdlib.o)
 .comment       0x00000079       0x7a c:/nxp/mcuxpressoide_11.2.0_4120/ide/plugins/com.nxp.mcuxpresso.tools.win32_11.2.0.202001021529/tools/bin/../lib/gcc/arm-none-eabi/9.2.1/../../../../arm-none-eabi/lib/thumb/v6-m/nofp\libcr_c.a(strcasecmp.o)
 .comment       0x00000079       0x7a c:/nxp/mcuxpressoide_11.2.0_4120/ide/plugins/com.nxp.mcuxpresso.tools.win32_11.2.0.202001021529/tools/bin/../lib/gcc/arm-none-eabi/9.2.1/../../../../arm-none-eabi/lib/thumb/v6-m/nofp\libcr_c.a(strlen.o)
 .comment       0x00000079       0x7a c:/nxp/mcuxpressoide_11.2.0_4120/ide/plugins/com.nxp.mcuxpresso.tools.win32_11.2.0.202001021529/tools/bin/../lib/gcc/arm-none-eabi/9.2.1/../../../../arm-none-eabi/lib/thumb/v6-m/nofp\libcr_c.a(strncmp.o)
 .comment       0x00000079       0x7a c:/nxp/mcuxpressoide_11.2.0_4120/ide/plugins/com.nxp.mcuxpresso.tools.win32_11.2.0.202001021529/tools/bin/../lib/gcc/arm-none-eabi/9.2.1/../../../../arm-none-eabi/lib/thumb/v6-m/nofp\libcr_c.a(ungetc.o)
 .comment       0x00000079       0x7a c:/nxp/mcuxpressoide_11.2.0_4120/ide/plugins/com.nxp.mcuxpresso.tools.win32_11.2.0.202001021529/tools/bin/../lib/gcc/arm-none-eabi/9.2.1/../../../../arm-none-eabi/lib/thumb/v6-m/nofp\libcr_c.a(__fillbuf.o)
 .comment       0x00000079       0x7a c:/nxp/mcuxpressoide_11.2.0_4120/ide/plugins/com.nxp.mcuxpresso.tools.win32_11.2.0.202001021529/tools/bin/../lib/gcc/arm-none-eabi/9.2.1/../../../../arm-none-eabi/lib/thumb/v6-m/nofp\libcr_c.a(__init_alloc.o)
 .comment       0x00000079       0x7a c:/nxp/mcuxpressoide_11.2.0_4120/ide/plugins/com.nxp.mcuxpresso.tools.win32_11.2.0.202001021529/tools/bin/../lib/gcc/arm-none-eabi/9.2.1/../../../../arm-none-eabi/lib/thumb/v6-m/nofp\libcr_c.a(_cr_sbrk.o)
 .comment       0x00000079       0x7a c:/nxp/mcuxpressoide_11.2.0_4120/ide/plugins/com.nxp.mcuxpresso.tools.win32_11.2.0.202001021529/tools/bin/../lib/gcc/arm-none-eabi/9.2.1/../../../../arm-none-eabi/lib/thumb/v6-m/nofp\libcr_c.a(_fdopen.o)
 .comment       0x00000079       0x7a c:/nxp/mcuxpressoide_11.2.0_4120/ide/plugins/com.nxp.mcuxpresso.tools.win32_11.2.0.202001021529/tools/bin/../lib/gcc/arm-none-eabi/9.2.1/../../../../arm-none-eabi/lib/thumb/v6-m/nofp\libcr_c.a(_frexpl.o)
 .comment       0x00000079       0x7a c:/nxp/mcuxpressoide_11.2.0_4120/ide/plugins/com.nxp.mcuxpresso.tools.win32_11.2.0.202001021529/tools/bin/../lib/gcc/arm-none-eabi/9.2.1/../../../../arm-none-eabi/lib/thumb/v6-m/nofp\libcr_c.a(_ldexpl.o)
 .comment       0x00000079       0x7a c:/nxp/mcuxpressoide_11.2.0_4120/ide/plugins/com.nxp.mcuxpresso.tools.win32_11.2.0.202001021529/tools/bin/../lib/gcc/arm-none-eabi/9.2.1/../../../../arm-none-eabi/lib/thumb/v6-m/nofp\libcr_c.a(atan.o)
 .comment       0x00000079       0x7a c:/nxp/mcuxpressoide_11.2.0_4120/ide/plugins/com.nxp.mcuxpresso.tools.win32_11.2.0.202001021529/tools/bin/../lib/gcc/arm-none-eabi/9.2.1/../../../../arm-none-eabi/lib/thumb/v6-m/nofp\libcr_c.a(ctype.o)
 .comment       0x00000079       0x7a c:/nxp/mcuxpressoide_11.2.0_4120/ide/plugins/com.nxp.mcuxpresso.tools.win32_11.2.0.202001021529/tools/bin/../lib/gcc/arm-none-eabi/9.2.1/../../../../arm-none-eabi/lib/thumb/v6-m/nofp\libcr_c.a(fclose.o)
 .comment       0x00000079       0x7a c:/nxp/mcuxpressoide_11.2.0_4120/ide/plugins/com.nxp.mcuxpresso.tools.win32_11.2.0.202001021529/tools/bin/../lib/gcc/arm-none-eabi/9.2.1/../../../../arm-none-eabi/lib/thumb/v6-m/nofp\libcr_c.a(fflush.o)
 .comment       0x00000079       0x7a c:/nxp/mcuxpressoide_11.2.0_4120/ide/plugins/com.nxp.mcuxpresso.tools.win32_11.2.0.202001021529/tools/bin/../lib/gcc/arm-none-eabi/9.2.1/../../../../arm-none-eabi/lib/thumb/v6-m/nofp\libcr_c.a(frexp.o)
 .comment       0x00000079       0x7a c:/nxp/mcuxpressoide_11.2.0_4120/ide/plugins/com.nxp.mcuxpresso.tools.win32_11.2.0.202001021529/tools/bin/../lib/gcc/arm-none-eabi/9.2.1/../../../../arm-none-eabi/lib/thumb/v6-m/nofp\libcr_c.a(ldexp.o)
 .comment       0x00000079       0x7a c:/nxp/mcuxpressoide_11.2.0_4120/ide/plugins/com.nxp.mcuxpresso.tools.win32_11.2.0.202001021529/tools/bin/../lib/gcc/arm-none-eabi/9.2.1/../../../../arm-none-eabi/lib/thumb/v6-m/nofp\libcr_c.a(remove.o)
 .comment       0x00000079       0x7a c:/nxp/mcuxpressoide_11.2.0_4120/ide/plugins/com.nxp.mcuxpresso.tools.win32_11.2.0.202001021529/tools/bin/../lib/gcc/arm-none-eabi/9.2.1/../../../../arm-none-eabi/lib/thumb/v6-m/nofp\libcr_c.a(_cr_check_heap.o)
 .comment       0x00000079       0x7a c:/nxp/mcuxpressoide_11.2.0_4120/ide/plugins/com.nxp.mcuxpresso.tools.win32_11.2.0.202001021529/tools/bin/../lib/gcc/arm-none-eabi/9.2.1/../../../../arm-none-eabi/lib/thumb/v6-m/nofp\libcr_c.a(_do_fflush.o)